Archive member included because of file (symbol)

c:/coocox/arm-2011.03-coocox/bin/../lib/gcc/arm-none-eabi/4.5.2/thumb2\libgcc.a(_arm_addsubdf3.o)
                              ..\obj\sermsg.o (__aeabi_dsub)
c:/coocox/arm-2011.03-coocox/bin/../lib/gcc/arm-none-eabi/4.5.2/thumb2\libgcc.a(_arm_muldivdf3.o)
                              ..\obj\dda.o (__aeabi_dmul)
c:/coocox/arm-2011.03-coocox/bin/../lib/gcc/arm-none-eabi/4.5.2/thumb2\libgcc.a(_arm_cmpdf2.o)
                              ..\obj\planner.o (__aeabi_dcmpeq)
c:/coocox/arm-2011.03-coocox/bin/../lib/gcc/arm-none-eabi/4.5.2/thumb2\libgcc.a(_arm_fixdfsi.o)
                              ..\obj\sermsg.o (__aeabi_d2iz)
c:/coocox/arm-2011.03-coocox/bin/../lib/gcc/arm-none-eabi/4.5.2/thumb2\libgcc.a(_arm_fixunsdfsi.o)
                              ..\obj\stepper.o (__aeabi_d2uiz)
c:/coocox/arm-2011.03-coocox/bin/../lib/gcc/arm-none-eabi/4.5.2/thumb2\libgcc.a(_arm_addsubsf3.o)
                              ..\obj\lpc17xx_systick.o (__aeabi_ui2f)
c:/coocox/arm-2011.03-coocox/bin/../lib/gcc/arm-none-eabi/4.5.2/thumb2\libgcc.a(_arm_muldivsf3.o)
                              ..\obj\buzzer.o (__aeabi_fmul)
c:/coocox/arm-2011.03-coocox/bin/../lib/gcc/arm-none-eabi/4.5.2/thumb2\libgcc.a(_arm_cmpsf2.o)
                              ..\obj\lpc17xx_systick.o (__aeabi_fcmpgt)
c:/coocox/arm-2011.03-coocox/bin/../lib/gcc/arm-none-eabi/4.5.2/thumb2\libgcc.a(_arm_fixunssfsi.o)
                              ..\obj\buzzer.o (__aeabi_f2uiz)
c:/coocox/arm-2011.03-coocox/bin/../lib/gcc/arm-none-eabi/4.5.2/thumb2\libgcc.a(_aeabi_uldivmod.o)
                              ..\obj\lpc17xx_timer.o (__aeabi_uldivmod)
c:/coocox/arm-2011.03-coocox/bin/../lib/gcc/arm-none-eabi/4.5.2/thumb2\libgcc.a(_fixunsdfdi.o)
                              ..\obj\dda.o (__aeabi_d2ulz)
c:/coocox/arm-2011.03-coocox/bin/../lib/gcc/arm-none-eabi/4.5.2/thumb2\libgcc.a(bpabi.o)
                              c:/coocox/arm-2011.03-coocox/bin/../lib/gcc/arm-none-eabi/4.5.2/thumb2\libgcc.a(_aeabi_uldivmod.o) (__gnu_uldivmod_helper)
c:/coocox/arm-2011.03-coocox/bin/../lib/gcc/arm-none-eabi/4.5.2/thumb2\libgcc.a(_dvmd_tls.o)
                              c:/coocox/arm-2011.03-coocox/bin/../lib/gcc/arm-none-eabi/4.5.2/thumb2\libgcc.a(_aeabi_uldivmod.o) (__aeabi_ldiv0)
c:/coocox/arm-2011.03-coocox/bin/../lib/gcc/arm-none-eabi/4.5.2/thumb2\libgcc.a(_divdi3.o)
                              c:/coocox/arm-2011.03-coocox/bin/../lib/gcc/arm-none-eabi/4.5.2/thumb2\libgcc.a(bpabi.o) (__divdi3)
c:/coocox/arm-2011.03-coocox/bin/../lib/gcc/arm-none-eabi/4.5.2/thumb2\libgcc.a(_udivdi3.o)
                              c:/coocox/arm-2011.03-coocox/bin/../lib/gcc/arm-none-eabi/4.5.2/thumb2\libgcc.a(bpabi.o) (__udivdi3)
c:/coocox/arm-2011.03-coocox/bin/../lib/gcc/arm-none-eabi/4.5.2/thumb2\libgcc.a(_udivsi3.o)
                              c:/coocox/arm-2011.03-coocox/bin/../lib/gcc/arm-none-eabi/4.5.2/thumb2\libgcc.a(_divdi3.o) (__aeabi_uidiv)
c:/coocox/arm-2011.03-coocox/bin/../lib/gcc/arm-none-eabi/4.5.2/../../../../arm-none-eabi/lib/thumb2\libc.a(lib_a-atoi.o)
                              ..\obj\config.o (atoi)
c:/coocox/arm-2011.03-coocox/bin/../lib/gcc/arm-none-eabi/4.5.2/../../../../arm-none-eabi/lib/thumb2\libc.a(lib_a-ctype_.o)
                              ..\obj\config.o (__ctype_ptr__)
c:/coocox/arm-2011.03-coocox/bin/../lib/gcc/arm-none-eabi/4.5.2/../../../../arm-none-eabi/lib/thumb2\libc.a(lib_a-memcpy.o)
                              ..\obj\ustdlib.o (memcpy)
c:/coocox/arm-2011.03-coocox/bin/../lib/gcc/arm-none-eabi/4.5.2/../../../../arm-none-eabi/lib/thumb2\libc.a(lib_a-memset.o)
                              ..\obj\mem.o (memset)
c:/coocox/arm-2011.03-coocox/bin/../lib/gcc/arm-none-eabi/4.5.2/../../../../arm-none-eabi/lib/thumb2\libc.a(lib_a-strcasecmp.o)
                              ..\obj\config.o (strcasecmp)
c:/coocox/arm-2011.03-coocox/bin/../lib/gcc/arm-none-eabi/4.5.2/../../../../arm-none-eabi/lib/thumb2\libc.a(lib_a-strcat.o)
                              ..\obj\gcode_process.o (strcat)
c:/coocox/arm-2011.03-coocox/bin/../lib/gcc/arm-none-eabi/4.5.2/../../../../arm-none-eabi/lib/thumb2\libc.a(lib_a-strchr.o)
                              ..\obj\config.o (strchr)
c:/coocox/arm-2011.03-coocox/bin/../lib/gcc/arm-none-eabi/4.5.2/../../../../arm-none-eabi/lib/thumb2\libc.a(lib_a-strcmp.o)
                              ..\obj\iFAT32.o (strcmp)
c:/coocox/arm-2011.03-coocox/bin/../lib/gcc/arm-none-eabi/4.5.2/../../../../arm-none-eabi/lib/thumb2\libc.a(lib_a-strcpy.o)
                              ..\obj\iFAT.o (strcpy)
c:/coocox/arm-2011.03-coocox/bin/../lib/gcc/arm-none-eabi/4.5.2/../../../../arm-none-eabi/lib/thumb2\libc.a(lib_a-strlen.o)
                              ..\obj\ustdlib.o (strlen)
c:/coocox/arm-2011.03-coocox/bin/../lib/gcc/arm-none-eabi/4.5.2/../../../../arm-none-eabi/lib/thumb2\libc.a(lib_a-strncmp.o)
                              ..\obj\ustdlib.o (strncmp)
[...]
Memory Configuration

Name             Origin             Length             Attributes
rom              0x00000000         0x00020000         xr
ram              0x20000000         0x00010000         xrw
*default*        0x00000000         0xffffffff

Linker script and memory map

                0x20010000                _eram = 0x20010000

.text           0x00000000     0xa93c
 *(.isr_vector .isr_vector.*)
 .isr_vector    0x00000000       0x40 ..\obj\startup_Cortex_M3.o
                0x00000000                g_pfnVectors
 *(.text .text.* .gnu.linkonce.t.*)
 .text.HandleUsbReset
                0x00000040       0x14 ..\obj\usbinit.o
 .text.USBInit  0x00000054       0x60 ..\obj\usbinit.o
                0x00000054                USBInit
 .text.plug_holes
                0x000000b4       0xcc ..\obj\mem.o
 .text.mem_free
                0x00000180       0xe0 ..\obj\mem.o
                0x00000180                mem_free
 .text.mem_malloc
                0x00000260      0x234 ..\obj\mem.o
                0x00000260                mem_malloc
 .text.CoCreateKheap
                0x00000494       0x4c ..\obj\kernelHeap.o
                0x00000494                CoCreateKheap
 .text.tcp_tmr  0x000004e0       0x30 ..\obj\tcp.o
                0x000004e0                tcp_tmr
 .text.tcp_close
                0x00000510      0x1a0 ..\obj\tcp.o
                0x00000510                tcp_close
 .text.tcp_abandon
                0x000006b0      0x104 ..\obj\tcp.o
                0x000006b0                tcp_abandon
 .text.tcp_bind
                0x000007b4      0x19c ..\obj\tcp.o
                0x000007b4                tcp_bind
 .text.tcp_accept_null
                0x00000950       0x20 ..\obj\tcp.o
 .text.tcp_listen_with_backlog
                0x00000970      0x120 ..\obj\tcp.o
                0x00000970                tcp_listen_with_backlog
 .text.tcp_update_rcv_ann_wnd
                0x00000a90       0x84 ..\obj\tcp.o
                0x00000a90                tcp_update_rcv_ann_wnd
 .text.tcp_recved
                0x00000b14       0x7c ..\obj\tcp.o
                0x00000b14                tcp_recved
 .text.tcp_new_port
                0x00000b90       0xb4 ..\obj\tcp.o
 .text.tcp_slowtmr
                0x00000c44      0x550 ..\obj\tcp.o
                0x00000c44                tcp_slowtmr
 .text.tcp_fasttmr
                0x00001194       0xcc ..\obj\tcp.o
                0x00001194                tcp_fasttmr
 .text.tcp_segs_free
                0x00001260       0x3c ..\obj\tcp.o
                0x00001260                tcp_segs_free
 .text.tcp_seg_free
                0x0000129c       0x48 ..\obj\tcp.o
                0x0000129c                tcp_seg_free
 .text.tcp_recv_null
                0x000012e4       0x4c ..\obj\tcp.o
                0x000012e4                tcp_recv_null
 .text.tcp_kill_prio
                0x00001330       0x98 ..\obj\tcp.o
 .text.tcp_kill_timewait
                0x000013c8       0x74 ..\obj\tcp.o
 .text.tcp_alloc
                0x0000143c      0x17c ..\obj\tcp.o
                0x0000143c                tcp_alloc
 .text.tcp_new  0x000015b8       0x14 ..\obj\tcp.o
                0x000015b8                tcp_new
 .text.tcp_arg  0x000015cc       0x1c ..\obj\tcp.o
                0x000015cc                tcp_arg
 .text.tcp_recv
                0x000015e8       0x1c ..\obj\tcp.o
                0x000015e8                tcp_recv
 .text.tcp_sent
                0x00001604       0x1c ..\obj\tcp.o
                0x00001604                tcp_sent
 .text.tcp_err  0x00001620       0x1c ..\obj\tcp.o
                0x00001620                tcp_err
 .text.tcp_accept
                0x0000163c       0x1c ..\obj\tcp.o
                0x0000163c                tcp_accept
 .text.tcp_poll
                0x00001658       0x28 ..\obj\tcp.o
                0x00001658                tcp_poll
 .text.tcp_pcb_purge
                0x00001680       0xd0 ..\obj\tcp.o
                0x00001680                tcp_pcb_purge
 .text.tcp_pcb_remove
                0x00001750       0xb8 ..\obj\tcp.o
                0x00001750                tcp_pcb_remove
 .text.tcp_next_iss
                0x00001808       0x28 ..\obj\tcp.o
                0x00001808                tcp_next_iss
 .text.tcp_debug_print_state
                0x00001830       0x2c ..\obj\tcp.o
                0x00001830                tcp_debug_print_state
 .text.tcp_pcbs_sane
                0x0000185c       0x48 ..\obj\tcp.o
                0x0000185c                tcp_pcbs_sane
 .text.OsSchedUnlock
                0x000018a4       0x50 ..\obj\core.o
                0x000018a4                OsSchedUnlock
 .text.CoSchedLock
                0x000018f4       0x20 ..\obj\core.o
                0x000018f4                CoSchedLock
 .text.CoSchedUnlock
                0x00001914        0xc ..\obj\core.o
                0x00001914                CoSchedUnlock
 .text.CoInitOS
                0x00001920       0x84 ..\obj\core.o
                0x00001920                CoInitOS
 .text.CoStartOS
                0x000019a4       0x38 ..\obj\core.o
                0x000019a4                CoStartOS
 .text.NVIC_EnableIRQ
                0x000019dc       0x34 ..\obj\serial_fifo.o
 .text.NVIC_DisableIRQ
                0x00001a10       0x38 ..\obj\serial_fifo.o
 .text.fifo_init
                0x00001a48       0x2c ..\obj\serial_fifo.o
                0x00001a48                fifo_init
 .text._fifo_put
                0x00001a74       0x64 ..\obj\serial_fifo.o
                0x00001a74                _fifo_put
 .text._fifo_get
                0x00001ad8       0x68 ..\obj\serial_fifo.o
                0x00001ad8                _fifo_get
 .text.fifo_avail
                0x00001b40       0x2c ..\obj\serial_fifo.o
                0x00001b40                fifo_avail
 .text._fifo_avail
                0x00001b6c       0x3c ..\obj\serial_fifo.o
                0x00001b6c                _fifo_avail
 .text._fifo_free
                0x00001ba8       0x20 ..\obj\serial_fifo.o
                0x00001ba8                _fifo_free
 .text.InsertTmrList
                0x00001bc8      0x248 ..\obj\timer.o
 .text.RemoveTmrList
                0x00001e10       0xec ..\obj\timer.o
 .text.TmrDispose
                0x00001efc       0x7c ..\obj\timer.o
                0x00001efc                TmrDispose
 .text.isr_TmrDispose
                0x00001f78       0x34 ..\obj\timer.o
                0x00001f78                isr_TmrDispose
 .text.SystemInit
                0x00001fac      0x178 ..\obj\system_LPC17xx.o
                0x00001fac                SystemInit
 .text.memp_sanity
                0x00002124       0x8c ..\obj\memp.o
 .text.memp_malloc
                0x000021b0      0x144 ..\obj\memp.o
                0x000021b0                memp_malloc
 .text.memp_free
                0x000022f4       0x88 ..\obj\memp.o
                0x000022f4                memp_free
 .text._HandleRequest
                0x0000237c       0x4c ..\obj\usbcontrol.o
 .text.StallControlPipe
                0x000023c8       0x3c ..\obj\usbcontrol.o
 .text.DataIn   0x00002404       0x4c ..\obj\usbcontrol.o
 .text.USBHandleControlTransfer
                0x00002450      0x174 ..\obj\usbcontrol.o
                0x00002450                USBHandleControlTransfer
 .text.USBRegisterRequestHandler
                0x000025c4       0x34 ..\obj\usbcontrol.o
                0x000025c4                USBRegisterRequestHandler
 .text.netbuf_delete
                0x000025f8       0x44 ..\obj\netbuf.o
                0x000025f8                netbuf_delete
 .text.netbuf_data
                0x0000263c       0x64 ..\obj\netbuf.o
                0x0000263c                netbuf_data
 .text.tcpip_tcp_timer
                0x000026a0       0x4c ..\obj\tcpip.o
 .text.tcp_timer_needed
                0x000026ec       0x44 ..\obj\tcpip.o
                0x000026ec                tcp_timer_needed
 .text.tcpip_callback_with_block
                0x00002730       0x94 ..\obj\tcpip.o
                0x00002730                tcpip_callback_with_block
 .text.tcpip_apimsg
                0x000027c4       0x54 ..\obj\tcpip.o
                0x000027c4                tcpip_apimsg
 .text.CreateTCBList
                0x00002818       0x74 ..\obj\task.o
                0x00002818                CreateTCBList
 .text.InsertToTCBRdyList
                0x0000288c      0x108 ..\obj\task.o
                0x0000288c                InsertToTCBRdyList
 .text.RemoveFromTCBRdyList
                0x00002994       0x94 ..\obj\task.o
                0x00002994                RemoveFromTCBRdyList
 .text.Schedule
                0x00002a28      0x164 ..\obj\task.o
                0x00002a28                Schedule
 .text.AssignTCB
                0x00002b8c       0x50 ..\obj\task.o
 .text.CreateTask
                0x00002bdc      0x14c ..\obj\task.o
                0x00002bdc                CreateTask
 .text.CoGetCurTaskID
                0x00002d28       0x18 ..\obj\task.o
                0x00002d28                CoGetCurTaskID
 .text.RespondSRQ
                0x00002d40      0x11c ..\obj\serviceReq.o
                0x00002d40                RespondSRQ
 .text.sys_timeout
                0x00002e5c      0x10c ..\obj\sys.o
                0x00002e5c                sys_timeout
 .text.lwip_standard_chksum
                0x00002f68       0xbc ..\obj\inet_chksum.o
 .text.inet_chksum_pseudo
                0x00003024      0x168 ..\obj\inet_chksum.o
                0x00003024                inet_chksum_pseudo
 .text.inet_chksum
                0x0000318c       0x28 ..\obj\inet_chksum.o
                0x0000318c                inet_chksum
 .text.cli_init
                0x000031b4        0xc ..\obj\main.o
                0x000031b4                cli_init
 .text.ip_init  0x000031c0        0xc ..\obj\main.o
                0x000031c0                ip_init
 .text.main     0x000031cc       0x24 ..\obj\main.o
                0x000031cc                main
 .text.NVIC_EnableIRQ
                0x000031f0       0x34 ..\obj\usb.o
 .text.BulkOut  0x00003224       0x70 ..\obj\usb.o
 .text.BulkIn   0x00003294       0x78 ..\obj\usb.o
 .text.HandleClassRequest
                0x0000330c       0x60 ..\obj\usb.o
 .text.USBFrameHandler
                0x0000336c       0x2c ..\obj\usb.o
 .text.USBSerial_Init
                0x00003398       0x94 ..\obj\usb.o
                0x00003398                USBSerial_Init
 .text.http_init
                0x0000342c       0x44 ..\obj\httpserver-netconn.o
                0x0000342c                http_init
 .text.http_server_serve
                0x00003470       0xa4 ..\obj\httpserver-netconn.o
                0x00003470                http_server_serve
 .text.http_server
                0x00003514       0x48 ..\obj\httpserver-netconn.o
                0x00003514                http_server
 .text.CoPostMail
                0x0000355c       0x84 ..\obj\mbox.o
                0x0000355c                CoPostMail
 .text.CoGetMemoryBuffer
                0x000035e0       0x90 ..\obj\mm.o
                0x000035e0                CoGetMemoryBuffer
 .text.CoFreeMemoryBuffer
                0x00003670       0xe0 ..\obj\mm.o
                0x00003670                CoFreeMemoryBuffer
 .text.pbuf_free_ooseq
                0x00003750       0x68 ..\obj\pbuf.o
 .text.pbuf_pool_is_empty
                0x000037b8       0x60 ..\obj\pbuf.o
 .text.pbuf_alloc
                0x00003818      0x28c ..\obj\pbuf.o
                0x00003818                pbuf_alloc
 .text.pbuf_header
                0x00003aa4      0x120 ..\obj\pbuf.o
                0x00003aa4                pbuf_header
 .text.pbuf_free
                0x00003bc4       0xec ..\obj\pbuf.o
                0x00003bc4                pbuf_free
 .text.pbuf_clen
                0x00003cb0       0x34 ..\obj\pbuf.o
                0x00003cb0                pbuf_clen
 .text.pbuf_cat
                0x00003ce4       0x5c ..\obj\pbuf.o
                0x00003ce4                pbuf_cat
 .text.pbuf_copy
                0x00003d40      0x128 ..\obj\pbuf.o
                0x00003d40                pbuf_copy
 .text.htons    0x00003e68       0x30 ..\obj\inet.o
                0x00003e68                htons
 .text.ntohs    0x00003e98       0x20 ..\obj\inet.o
                0x00003e98                ntohs
 .text.htonl    0x00003eb8       0x3c ..\obj\inet.o
                0x00003eb8                htonl
 .text.ntohl    0x00003ef4       0x1c ..\obj\inet.o
                0x00003ef4                ntohl
 .text.netif_is_up
                0x00003f10       0x20 ..\obj\netif.o
                0x00003f10                netif_is_up
 .text.InsertDelayList
                0x00003f30       0xf4 ..\obj\time.o
                0x00003f30                InsertDelayList
 .text.RemoveDelayList
                0x00004024       0xc0 ..\obj\time.o
                0x00004024                RemoveDelayList
 .text.CoGetOSTime
                0x000040e4       0x18 ..\obj\time.o
                0x000040e4                CoGetOSTime
 .text.TimeDispose
                0x000040fc       0x7c ..\obj\time.o
                0x000040fc                TimeDispose
 .text.isr_TimeDispose
                0x00004178       0x34 ..\obj\time.o
                0x00004178                isr_TimeDispose
 .text.recv_raw
                0x000041ac      0x100 ..\obj\api_msg.o
 .text.recv_udp
                0x000042ac       0xb4 ..\obj\api_msg.o
 .text.recv_tcp
                0x00004360       0x9c ..\obj\api_msg.o
 .text.poll_tcp
                0x000043fc       0x3c ..\obj\api_msg.o
 .text.sent_tcp
                0x00004438       0x74 ..\obj\api_msg.o
 .text.err_tcp  0x000044ac       0xc8 ..\obj\api_msg.o
 .text.setup_tcp
                0x00004574       0x54 ..\obj\api_msg.o
 .text.accept_function
                0x000045c8       0xa8 ..\obj\api_msg.o
 .text.pcb_new  0x00004670      0x10c ..\obj\api_msg.o
 .text.do_newconn
                0x0000477c       0x2c ..\obj\api_msg.o
                0x0000477c                do_newconn
 .text.netconn_alloc
                0x000047a8       0xdc ..\obj\api_msg.o
                0x000047a8                netconn_alloc
 .text.netconn_free
                0x00004884       0xbc ..\obj\api_msg.o
                0x00004884                netconn_free
 .text.do_close_internal
                0x00004940      0x12c ..\obj\api_msg.o
 .text.do_delconn
                0x00004a6c       0xc8 ..\obj\api_msg.o
                0x00004a6c                do_delconn
 .text.do_bind  0x00004b34       0xb8 ..\obj\api_msg.o
                0x00004b34                do_bind
 .text.do_listen
                0x00004bec      0x104 ..\obj\api_msg.o
                0x00004bec                do_listen
 .text.do_recv  0x00004cf0       0x50 ..\obj\api_msg.o
                0x00004cf0                do_recv
 .text.do_writemore
                0x00004d40      0x188 ..\obj\api_msg.o
 .text.do_write
                0x00004ec8       0x78 ..\obj\api_msg.o
                0x00004ec8                do_write
 .text.do_close
                0x00004f40       0x50 ..\obj\api_msg.o
                0x00004f40                do_close
 .text.CreateEventList
                0x00004f90       0x88 ..\obj\event.o
                0x00004f90                CreateEventList
 .text.ReleaseECB
                0x00005018       0x48 ..\obj\event.o
 .text.CreatEvent
                0x00005060       0x90 ..\obj\event.o
                0x00005060                CreatEvent
 .text.DeleteEvent
                0x000050f0       0x98 ..\obj\event.o
                0x000050f0                DeleteEvent
 .text.EventTaskToWait
                0x00005188      0x10c ..\obj\event.o
                0x00005188                EventTaskToWait
 .text.EventTaskToRdy
                0x00005294      0x128 ..\obj\event.o
                0x00005294                EventTaskToRdy
 .text.RemoveEventWaittingList
                0x000053bc       0xac ..\obj\event.o
                0x000053bc                RemoveEventWaittingList
 .text          0x00005468       0x28 ..\obj\sh_cmd.o
                0x00005468                SH_DoCommand
                0x0000547a                HardFault_Handler
 .text.sys_mbox_new
                0x00005490       0x60 ..\obj\sys_arch.o
                0x00005490                sys_mbox_new
 .text.sys_mbox_free
                0x000054f0       0x4c ..\obj\sys_arch.o
                0x000054f0                sys_mbox_free
 .text.sys_mbox_post
                0x0000553c       0x20 ..\obj\sys_arch.o
                0x0000553c                sys_mbox_post
 .text.sys_mbox_trypost
                0x0000555c       0x50 ..\obj\sys_arch.o
                0x0000555c                sys_mbox_trypost
 .text.sys_arch_mbox_fetch
                0x000055ac       0xbc ..\obj\sys_arch.o
                0x000055ac                sys_arch_mbox_fetch
 .text.sys_arch_mbox_tryfetch
                0x00005668       0x50 ..\obj\sys_arch.o
                0x00005668                sys_arch_mbox_tryfetch
 .text.sys_sem_new
                0x000056b8       0x2c ..\obj\sys_arch.o
                0x000056b8                sys_sem_new
 .text.sys_arch_sem_wait
                0x000056e4       0xac ..\obj\sys_arch.o
                0x000056e4                sys_arch_sem_wait
 .text.sys_sem_signal
                0x00005790       0x1c ..\obj\sys_arch.o
                0x00005790                sys_sem_signal
 .text.sys_sem_free
                0x000057ac       0x20 ..\obj\sys_arch.o
                0x000057ac                sys_sem_free
 .text.sys_arch_timeouts
                0x000057cc       0x90 ..\obj\sys_arch.o
                0x000057cc                sys_arch_timeouts
 .text.sys_thread_new
                0x0000585c       0x7c ..\obj\sys_arch.o
                0x0000585c                sys_thread_new
 .text.sys_arch_protect
                0x000058d8       0x10 ..\obj\sys_arch.o
                0x000058d8                sys_arch_protect
 .text.sys_arch_unprotect
                0x000058e8       0x14 ..\obj\sys_arch.o
                0x000058e8                sys_arch_unprotect
 .text.DebugPrintf
                0x000058fc       0x10 ..\obj\sys_arch.o
                0x000058fc                DebugPrintf
 .text.USBRegisterDescriptors
                0x0000590c       0x1c ..\obj\usbstdreq.o
                0x0000590c                USBRegisterDescriptors
 .text.USBGetDescriptor
                0x00005928       0xac ..\obj\usbstdreq.o
                0x00005928                USBGetDescriptor
 .text.USBSetConfiguration
                0x000059d4       0xdc ..\obj\usbstdreq.o
 .text.HandleStdDeviceReq
                0x00005ab0       0xec ..\obj\usbstdreq.o
 .text.HandleStdInterfaceReq
                0x00005b9c       0xb4 ..\obj\usbstdreq.o
 .text.HandleStdEndPointReq
                0x00005c50       0xe4 ..\obj\usbstdreq.o
 .text.USBHandleStandardRequest
                0x00005d34       0x7c ..\obj\usbstdreq.o
                0x00005d34                USBHandleStandardRequest
 .text.IRQ_ENABLE_RESTORE
                0x00005db0        0xc ..\obj\port.o
                0x00005db0                IRQ_ENABLE_RESTORE
 .text.IRQ_DISABLE_SAVE
                0x00005dbc        0xc ..\obj\port.o
                0x00005dbc                IRQ_DISABLE_SAVE
 .text.SetEnvironment
                0x00005dc8        0xc ..\obj\port.o
                0x00005dc8                SetEnvironment
 .text.SwitchContext
                0x00005dd4       0x14 ..\obj\port.o
                0x00005dd4                SwitchContext
 .text.PendSV_Handler
                0x00005de8       0x3c ..\obj\port.o
                0x00005de8                PendSV_Handler
 .text.CoCreateQueue
                0x00005e24      0x12c ..\obj\queue.o
                0x00005e24                CoCreateQueue
 .text.CoDelQueue
                0x00005f50       0xb4 ..\obj\queue.o
                0x00005f50                CoDelQueue
 .text.CoAcceptQueueMail
                0x00006004       0xdc ..\obj\queue.o
                0x00006004                CoAcceptQueueMail
 .text.CoPendQueueMail
                0x000060e0      0x188 ..\obj\queue.o
                0x000060e0                CoPendQueueMail
 .text.CoPostQueueMail
                0x00006268       0xc4 ..\obj\queue.o
                0x00006268                CoPostQueueMail
 .text.CoSetFlag
                0x0000632c      0x118 ..\obj\flag.o
                0x0000632c                CoSetFlag
 .text.RemoveFromLink
                0x00006444       0x58 ..\obj\flag.o
 .text.RemoveLinkNode
                0x0000649c       0x90 ..\obj\flag.o
                0x0000649c                RemoveLinkNode
 .text.Wait4DevInt
                0x0000652c       0x30 ..\obj\usbhw_lpc.o
 .text.USBHwCmd
                0x0000655c       0x38 ..\obj\usbhw_lpc.o
 .text.USBHwCmdWrite
                0x00006594       0x3c ..\obj\usbhw_lpc.o
 .text.USBHwCmdRead
                0x000065d0       0x40 ..\obj\usbhw_lpc.o
 .text.USBHwEPRealize
                0x00006610       0x4c ..\obj\usbhw_lpc.o
 .text.USBHwEPEnable
                0x0000665c       0x38 ..\obj\usbhw_lpc.o
 .text.USBHwEPConfig
                0x00006694       0x44 ..\obj\usbhw_lpc.o
                0x00006694                USBHwEPConfig
 .text.USBHwRegisterEPIntHandler
                0x000066d8       0x78 ..\obj\usbhw_lpc.o
                0x000066d8                USBHwRegisterEPIntHandler
 .text.USBHwRegisterDevIntHandler
                0x00006750       0x30 ..\obj\usbhw_lpc.o
                0x00006750                USBHwRegisterDevIntHandler
 .text.USBHwRegisterFrameHandler
                0x00006780       0x30 ..\obj\usbhw_lpc.o
                0x00006780                USBHwRegisterFrameHandler
 .text.USBHwSetAddress
                0x000067b0       0x24 ..\obj\usbhw_lpc.o
                0x000067b0                USBHwSetAddress
 .text.USBHwConnect
                0x000067d4       0x28 ..\obj\usbhw_lpc.o
                0x000067d4                USBHwConnect
 .text.USBHwNakIntEnable
                0x000067fc       0x20 ..\obj\usbhw_lpc.o
                0x000067fc                USBHwNakIntEnable
 .text.USBHwEPGetStatus
                0x0000681c       0x38 ..\obj\usbhw_lpc.o
                0x0000681c                USBHwEPGetStatus
 .text.USBHwEPStall
                0x00006854       0x4c ..\obj\usbhw_lpc.o
                0x00006854                USBHwEPStall
 .text.USBHwEPWrite
                0x000068a0       0xb4 ..\obj\usbhw_lpc.o
                0x000068a0                USBHwEPWrite
 .text.USBHwEPRead
                0x00006954       0xe8 ..\obj\usbhw_lpc.o
                0x00006954                USBHwEPRead
 .text.USBHwConfigDevice
                0x00006a3c       0x28 ..\obj\usbhw_lpc.o
                0x00006a3c                USBHwConfigDevice
 .text.USBHwInit
                0x00006a64       0xd8 ..\obj\usbhw_lpc.o
                0x00006a64                USBHwInit
 .text.udp_bind
                0x00006b3c      0x1ec ..\obj\udp.o
                0x00006b3c                udp_bind
 .text.udp_recv
                0x00006d28       0x24 ..\obj\udp.o
                0x00006d28                udp_recv
 .text.udp_remove
                0x00006d4c       0x64 ..\obj\udp.o
                0x00006d4c                udp_remove
 .text.udp_new  0x00006db0       0x3c ..\obj\udp.o
                0x00006db0                udp_new
 .text.ip_route
                0x00006dec       0x88 ..\obj\ip.o
                0x00006dec                ip_route
 .text.ip_output_if
                0x00006e74      0x1d8 ..\obj\ip.o
                0x00006e74                ip_output_if
 .text.ip_output
                0x0000704c       0x60 ..\obj\ip.o
                0x0000704c                ip_output
 .text.Default_Reset_Handler
                0x000070ac       0x64 ..\obj\startup_Cortex_M3.o
                0x000070ac                Default_Reset_Handler
                0x000070ac                Reset_Handler
 .text.Default_Handler
                0x00007110        0x8 ..\obj\startup_Cortex_M3.o
                0x00007110                NMI_Handler
                0x00007110                UsageFault_Handler
                0x00007110                MemManage_Handler
                0x00007110                SVC_Handler
                0x00007110                BusFault_Handler
                0x00007110                DebugMon_Handler
 .text.InitTaskContext
                0x00007118       0x5c ..\obj\arch.o
                0x00007118                InitTaskContext
 .text.SysTick_Handler
                0x00007174       0xac ..\obj\arch.o
                0x00007174                SysTick_Handler
 .text.netconn_new_with_proto_and_callback
                0x00007220       0x74 ..\obj\api_lib.o
                0x00007220                netconn_new_with_proto_and_callback
 .text.netconn_delete
                0x00007294       0x48 ..\obj\api_lib.o
                0x00007294                netconn_delete
 .text.netconn_bind
                0x000072dc       0x48 ..\obj\api_lib.o
                0x000072dc                netconn_bind
 .text.netconn_listen_with_backlog
                0x00007324       0x40 ..\obj\api_lib.o
                0x00007324                netconn_listen_with_backlog
 .text.netconn_accept
                0x00007364       0x5c ..\obj\api_lib.o
                0x00007364                netconn_accept
 .text.netconn_recv
                0x000073c0      0x1c8 ..\obj\api_lib.o
                0x000073c0                netconn_recv
 .text.netconn_write
                0x00007588       0x5c ..\obj\api_lib.o
                0x00007588                netconn_write
 .text.netconn_close
                0x000075e4       0x3c ..\obj\api_lib.o
                0x000075e4                netconn_close
 .text.serial_init
                0x00007620        0xc ..\obj\serial.o
                0x00007620                serial_init
 .text.CoCreateSem
                0x0000762c       0x6c ..\obj\sem.o
                0x0000762c                CoCreateSem
 .text.CoDelSem
                0x00007698       0x54 ..\obj\sem.o
                0x00007698                CoDelSem
 .text.CoPendSem
                0x000076ec      0x108 ..\obj\sem.o
                0x000076ec                CoPendSem
 .text.CoPostSem
                0x000077f4       0x88 ..\obj\sem.o
                0x000077f4                CoPostSem
 .text.CoIdleTask
                0x0000787c        0xc ..\obj\hook.o
                0x0000787c                CoIdleTask
 .text.CoStkOverflowHook
                0x00007888        0xc ..\obj\hook.o
                0x00007888                CoStkOverflowHook
 .text.tcp_output_set_header
                0x00007894      0x104 ..\obj\tcp_out.o
 .text.tcp_send_ctrl
                0x00007998       0x34 ..\obj\tcp_out.o
                0x00007998                tcp_send_ctrl
 .text.tcp_write
                0x000079cc       0x88 ..\obj\tcp_out.o
                0x000079cc                tcp_write
 .text.tcp_enqueue
                0x00007a54      0x784 ..\obj\tcp_out.o
                0x00007a54                tcp_enqueue
 .text.tcp_send_empty_ack
                0x000081d8       0xd4 ..\obj\tcp_out.o
                0x000081d8                tcp_send_empty_ack
 .text.tcp_output
                0x000082ac      0x3e4 ..\obj\tcp_out.o
                0x000082ac                tcp_output
 .text.tcp_output_segment
                0x00008690      0x1e0 ..\obj\tcp_out.o
 .text.tcp_rst  0x00008870      0x158 ..\obj\tcp_out.o
                0x00008870                tcp_rst
 .text.tcp_rexmit_rto
                0x000089c8       0x6c ..\obj\tcp_out.o
                0x000089c8                tcp_rexmit_rto
 .text.tcp_keepalive
                0x00008a34      0x14c ..\obj\tcp_out.o
                0x00008a34                tcp_keepalive
 .text.tcp_zero_window_probe
                0x00008b80      0x1e4 ..\obj\tcp_out.o
                0x00008b80                tcp_zero_window_probe
 .text.raw_bind
                0x00008d64       0x30 ..\obj\raw.o
                0x00008d64                raw_bind
 .text.raw_recv
                0x00008d94       0x24 ..\obj\raw.o
                0x00008d94                raw_recv
 .text.raw_remove
                0x00008db8       0x64 ..\obj\raw.o
                0x00008db8                raw_remove
 .text.raw_new  0x00008e1c       0x60 ..\obj\raw.o
                0x00008e1c                raw_new
 .text          0x00008e7c      0x150 c:/coocox/arm-2011.03-coocox/bin/../lib/gcc/arm-none-eabi/4.5.2/../../../../arm-none-eabi/lib/thumb2\libc.a(lib_a-memcpy.o)
                0x00008e7c                memcpy
 .text          0x00008fcc       0xb4 c:/coocox/arm-2011.03-coocox/bin/../lib/gcc/arm-none-eabi/4.5.2/../../../../arm-none-eabi/lib/thumb2\libc.a(lib_a-memset.o)
                0x00008fcc                memset
 *(.glue_7t)
 .glue_7t       0x00000000        0x0 linker stubs
 *(.glue_7)
 .glue_7        0x00000000        0x0 linker stubs
 *(.rodata .rodata* .gnu.linkonce.r.*)
 .rodata        0x00009080       0x8c ..\obj\mem.o
 .rodata        0x0000910c      0x6c4 ..\obj\tcp.o
                0x00009184                tcp_backoff
                0x00009194                tcp_persist_backoff
 .rodata        0x000097d0       0xf4 ..\obj\memp.o
 .rodata        0x000098c4       0x50 ..\obj\sys.o
 .rodata        0x00009914       0x70 ..\obj\inet_chksum.o
 .rodata        0x00009984       0xa8 ..\obj\usb.o
 .rodata        0x00009a2c       0xbc ..\obj\httpserver-netconn.o
 .rodata        0x00009ae8      0x264 ..\obj\pbuf.o
 .rodata        0x00009d4c      0x424 ..\obj\udp.o
 .rodata        0x0000a170       0x44 ..\obj\api_lib.o
 .rodata        0x0000a1b4      0x6f0 ..\obj\tcp_out.o
 .rodata        0x0000a8a4       0x98 ..\obj\raw.o

.vfp11_veneer   0x0000a93c        0x0
 .vfp11_veneer  0x00000000        0x0 linker stubs

.v4_bx          0x0000a93c        0x0
 .v4_bx         0x00000000        0x0 linker stubs

.ARM.extab
 *(.ARM.extab* .gnu.linkonce.armextab.*)

.ARM.exidx
 *(.ARM.exidx* .gnu.linkonce.armexidx.*)
                0x0000a93c                . = ALIGN (0x4)
                0x0000a93c                _etext = .
                0x0000a93c                _sidata = .

.data           0x20000000       0x80 load address 0x0000a93c
                0x20000000                _sdata = .
 *(.data .data.*)
 .data          0x20000000       0x34 ..\obj\tcp.o
                0x20000000                tcp_state_str
 .data          0x20000034       0x34 ..\obj\memp.o
 .data          0x20000068        0x1 ..\obj\tcpip.o
 *fill*         0x20000069        0x3 00
 .data          0x2000006c        0x8 ..\obj\usb.o
 .data          0x20000074        0xc ..\obj\port.o
                0x20000074                NVIC_INT_CTRL
                0x20000078                NVIC_PENDSVSET
                0x2000007c                INT_EXIT
                0x20000080                . = ALIGN (0x4)
                0x20000080                _edata = .

.bss            0x20000080     0x41dc load address 0x0000a9bc
                0x20000080                _sbss = .
 *(.bss .bss.*)
 .bss           0x20000080        0x8 ..\obj\usbinit.o
 .bss           0x20000088      0x824 ..\obj\mem.o
 .bss           0x200008ac       0xd4 ..\obj\kernelHeap.o
                0x200008ac                KernelHeap
                0x20000974                FMBlist
                0x20000978                Kheap
 .bss           0x20000980        0x1 ..\obj\tcp.o
 .bss           0x20000981        0x3 ..\obj\core.o
                0x20000981                OSIntNesting
                0x20000982                OSSchedLock
                0x20000983                TaskSchedReq
 .bss           0x20000984       0x38 ..\obj\timer.o
                0x20000984                TmrTbl
                0x200009b4                TmrList
                0x200009b8                TmrIDVessel
 .bss           0x200009bc     0x2c18 ..\obj\memp.o
 .bss           0x200035d4       0x34 ..\obj\usbcontrol.o
 .bss           0x20003608        0xc ..\obj\tcpip.o
 *fill*         0x20003614        0x4 00
 .bss           0x20003618      0x188 ..\obj\task.o
                0x20003618                TCBTbl
                0x20003720                idle_stk
                0x20003784                FreeTCB
                0x20003788                TCBRdy
                0x2000378c                TCBNext
                0x20003790                TCBRunning
                0x20003798                OSCheckTime
 .bss           0x200037a0       0x30 ..\obj\serviceReq.o
                0x200037a0                ServiceReq
                0x200037cc                IsrReq
                0x200037cd                TimeReq
                0x200037ce                TimerReq
 .bss           0x200037d0      0x248 ..\obj\usb.o
 .bss           0x20003a18       0x24 ..\obj\mm.o
                0x20003a18                MemoryTbl
                0x20003a38                MemoryIDVessel
 .bss           0x20003a3c        0x1 ..\obj\pbuf.o
 *fill*         0x20003a3d        0x3 00
 .bss           0x20003a40        0x4 ..\obj\time.o
                0x20003a40                DlyList
 .bss           0x20003a44      0x144 ..\obj\event.o
                0x20003a44                EventTbl
                0x20003b84                FreeEventList
 .bss           0x20003b88      0x1b0 ..\obj\sys_arch.o
 .bss           0x20003d38        0xc ..\obj\usbstdreq.o
 .bss           0x20003d44       0x24 ..\obj\queue.o
                0x20003d44                QueueTbl
                0x20003d64                QueueIDVessel
 .bss           0x20003d68       0x14 ..\obj\flag.o
                0x20003d68                FlagCrl
 .bss           0x20003d7c       0x48 ..\obj\usbhw_lpc.o
 .bss           0x20003dc4        0x2 ..\obj\ip.o
 *fill*         0x20003dc6        0x2 00
 .bss           0x20003dc8        0x8 ..\obj\arch.o
                0x20003dc8                OSTickCnt
 .bss           0x20003dd0        0x4 ..\obj\raw.o
 *(COMMON)
 COMMON         0x20003dd4       0x18 ..\obj\tcp.o
                0x20003dd4                tcp_active_pcbs
                0x20003dd8                tcp_ticks
                0x20003ddc                tcp_listen_pcbs
                0x20003de0                tcp_tmp_pcb
                0x20003de4                tcp_bound_pcbs
                0x20003de8                tcp_tw_pcbs
 COMMON         0x20003dec        0x4 ..\obj\tcp_in.o
                0x20003dec                tcp_input_pcb
 COMMON         0x20003df0       0x18 ..\obj\usb.o
                0x20003df0                rxfifo
                0x20003dfc                txfifo
 COMMON         0x20003e08      0x320 ..\obj\httpserver-netconn.o
                0x20003e08                stkHttp
 COMMON         0x20004128      0x128 ..\obj\stats.o
                0x20004128                lwip_stats
 COMMON         0x20004250        0x8 ..\obj\netif.o
                0x20004250                netif_list
                0x20004254                netif_default
 COMMON         0x20004258        0x4 ..\obj\udp.o
                0x20004258                udp_pcbs
                0x2000425c                . = ALIGN (0x4)
                0x2000425c                _ebss = .

.co_stack       0x2000425c      0x404 load address 0x0000eb98
                0x20004260                . = ALIGN (0x8)
 *fill*         0x2000425c        0x4 00
 *(.co_stack .co_stack.*)
 .co_stack      0x20004260      0x400 ..\obj\startup_Cortex_M3.o
                0x20004260                pulStack
                0x20004660                . = ALIGN (0x4)
                0x20004660                _end = .
LOAD ..\obj\usbinit.o
LOAD ..\obj\semihosting.o
LOAD ..\obj\ustdlib.o
LOAD ..\obj\mem.o
LOAD ..\obj\dda.o
LOAD ..\obj\lpc17xx_can.o
LOAD ..\obj\spi.o
LOAD ..\obj\kernelHeap.o
LOAD ..\obj\lpc17xx_timer.o
LOAD ..\obj\tcp.o
LOAD ..\obj\core.o
LOAD ..\obj\lpc17xx_dac.o
LOAD ..\obj\core_cm3.o
LOAD ..\obj\serial_fifo.o
LOAD ..\obj\err.o
LOAD ..\obj\buzzer.o
LOAD ..\obj\temp.o
LOAD ..\obj\EMAC.o
LOAD ..\obj\randm.o
LOAD ..\obj\mib_structs.o
LOAD ..\obj\timer.o
LOAD ..\obj\lpc17xx_clkpwr.o
LOAD ..\obj\utility.o
LOAD ..\obj\lpc17xx_rit.o
LOAD ..\obj\tcp_in.o
LOAD ..\obj\iFAT32.o
LOAD ..\obj\system_LPC17xx.o
LOAD ..\obj\slipif.o
LOAD ..\obj\lpc17xx_emac.o
LOAD ..\obj\memp.o
LOAD ..\obj\usbcontrol.o
LOAD ..\obj\autoip.o
LOAD ..\obj\sdcard.o
LOAD ..\obj\config.o
LOAD ..\obj\ip_frag.o
LOAD ..\obj\msg_out.o
LOAD ..\obj\netbuf.o
LOAD ..\obj\lpc17xx_uart.o
LOAD ..\obj\tcpip.o
LOAD ..\obj\asn1_dec.o
LOAD ..\obj\lcp.o
LOAD ..\obj\fsdata.o
LOAD ..\obj\uart.o
LOAD ..\obj\vj.o
LOAD ..\obj\fs.o
LOAD ..\obj\task.o
LOAD ..\obj\diskio.o
LOAD ..\obj\ip_stack.o
LOAD ..\obj\sersendf.o
LOAD ..\obj\stepper.o
LOAD ..\obj\lpc17xx_adc.o
LOAD ..\obj\lpc17xx_i2s.o
LOAD ..\obj\serviceReq.o
LOAD ..\obj\sys.o
LOAD ..\obj\ip_addr.o
LOAD ..\obj\sermsg.o
LOAD ..\obj\lpc17xx_gpdma.o
LOAD ..\obj\inet_chksum.o
LOAD ..\obj\main.o
LOAD ..\obj\r2c2_ios.o
LOAD ..\obj\usb.o
LOAD ..\obj\mib2.o
LOAD ..\obj\httpserver-netconn.o
LOAD ..\obj\lpc17xx_qei.o
LOAD ..\obj\netdb.o
LOAD ..\obj\init.o
LOAD ..\obj\printf.o
LOAD ..\obj\unicodetogb2312.o
LOAD ..\obj\ethernetif.o
LOAD ..\obj\lpc17xx_gpio.o
LOAD ..\obj\chpms.o
LOAD ..\obj\etharp.o
LOAD ..\obj\mbox.o
LOAD ..\obj\lpc17xx_wdt.o
LOAD ..\obj\mm.o
LOAD ..\obj\httpd.o
LOAD ..\obj\magic.o
LOAD ..\obj\lpc17xx_ssp.o
LOAD ..\obj\syscall.o
LOAD ..\obj\pbuf.o
LOAD ..\obj\stats.o
LOAD ..\obj\inet.o
LOAD ..\obj\lpc17xx_libcfg_default.o
LOAD ..\obj\msg_in.o
LOAD ..\obj\netif.o
LOAD ..\obj\asn1_enc.o
LOAD ..\obj\r2c2_timer.o
LOAD ..\obj\fsm.o
LOAD ..\obj\time.o
LOAD ..\obj\api_msg.o
LOAD ..\obj\chap.o
LOAD ..\obj\event.o
LOAD ..\obj\lpc17xx_pinsel.o
LOAD ..\obj\md5.o
LOAD ..\obj\sh_cmd.o
LOAD ..\obj\iFAT.o
LOAD ..\obj\fifo.o
LOAD ..\obj\lpc17xx_spi.o
LOAD ..\obj\lpc17xx_exti.o
LOAD ..\obj\sys_arch.o
LOAD ..\obj\syscalls.o
LOAD ..\obj\lpc17xx_systick.o
LOAD ..\obj\usbstdreq.o
LOAD ..\obj\mendel.o
LOAD ..\obj\lpc17xx_i2c.o
LOAD ..\obj\adc.o
LOAD ..\obj\dda_queue.o
LOAD ..\obj\iDisk.o
LOAD ..\obj\port.o
LOAD ..\obj\queue.o
LOAD ..\obj\mutex.o
LOAD ..\obj\flag.o
LOAD ..\obj\sockets.o
LOAD ..\obj\igmp.o
LOAD ..\obj\planner.o
LOAD ..\obj\pap.o
LOAD ..\obj\usbhw_lpc.o
LOAD ..\obj\ff.o
LOAD ..\obj\udp.o
LOAD ..\obj\lpc17xx_rtc.o
LOAD ..\obj\ip.o
LOAD ..\obj\lpc17xx_nvic.o
LOAD ..\obj\auth.o
LOAD ..\obj\startup_Cortex_M3.o
LOAD ..\obj\lpc17xx_mcpwm.o
LOAD ..\obj\arch.o
LOAD ..\obj\sio.o
LOAD ..\obj\ppp_oe.o
LOAD ..\obj\icmp.o
LOAD ..\obj\lpc17xx_pwm.o
LOAD ..\obj\dns.o
LOAD ..\obj\netifapi.o
LOAD ..\obj\api_lib.o
LOAD ..\obj\serial.o
LOAD ..\obj\dhcp.o
LOAD ..\obj\ppp.o
LOAD ..\obj\sem.o
LOAD ..\obj\fattime.o
LOAD ..\obj\debug_frmwrk.o
LOAD ..\obj\gcode_parse.o
LOAD ..\obj\hook.o
LOAD ..\obj\gcode_process.o
LOAD ..\obj\ipcp.o
LOAD ..\obj\tcp_out.o
LOAD ..\obj\loopif.o
LOAD ..\obj\raw.o
START GROUP
LOAD c:/coocox/arm-2011.03-coocox/bin/../lib/gcc/arm-none-eabi/4.5.2/thumb2\libgcc.a
LOAD c:/coocox/arm-2011.03-coocox/bin/../lib/gcc/arm-none-eabi/4.5.2/../../../../arm-none-eabi/lib/thumb2\libc.a
END GROUP
OUTPUT(R2C2 Reprap.elf elf32-littlearm)

.debug_abbrev   0x00000000     0xa7af
 .debug_abbrev  0x00000000       0xa2 ..\obj\usbinit.o
 .debug_abbrev  0x000000a2       0x9a ..\obj\semihosting.o
 .debug_abbrev  0x0000013c      0x13e ..\obj\ustdlib.o
 .debug_abbrev  0x0000027a      0x196 ..\obj\mem.o
 .debug_abbrev  0x00000410      0x1ff ..\obj\dda.o
 .debug_abbrev  0x0000060f      0x1eb ..\obj\lpc17xx_can.o
 .debug_abbrev  0x000007fa      0x15b ..\obj\spi.o
 .debug_abbrev  0x00000955      0x145 ..\obj\kernelHeap.o
 .debug_abbrev  0x00000a9a      0x1b2 ..\obj\lpc17xx_timer.o
 .debug_abbrev  0x00000c4c      0x2a9 ..\obj\tcp.o
 .debug_abbrev  0x00000ef5       0xd9 ..\obj\core.o
 .debug_abbrev  0x00000fce       0xe8 ..\obj\lpc17xx_dac.o
 .debug_abbrev  0x000010b6       0xd5 ..\obj\core_cm3.o
 .debug_abbrev  0x0000118b      0x160 ..\obj\serial_fifo.o
 .debug_abbrev  0x000012eb       0x92 ..\obj\err.o
 .debug_abbrev  0x0000137d      0x18e ..\obj\buzzer.o
 .debug_abbrev  0x0000150b      0x115 ..\obj\temp.o
 .debug_abbrev  0x00001620      0x242 ..\obj\EMAC.o
 .debug_abbrev  0x00001862       0x2a ..\obj\randm.o
 .debug_abbrev  0x0000188c       0x2a ..\obj\mib_structs.o
 .debug_abbrev  0x000018b6      0x16b ..\obj\timer.o
 .debug_abbrev  0x00001a21      0x170 ..\obj\lpc17xx_clkpwr.o
 .debug_abbrev  0x00001b91       0xaa ..\obj\utility.o
 .debug_abbrev  0x00001c3b      0x100 ..\obj\lpc17xx_rit.o
 .debug_abbrev  0x00001d3b      0x21c ..\obj\tcp_in.o
 .debug_abbrev  0x00001f57      0x206 ..\obj\iFAT32.o
 .debug_abbrev  0x0000215d       0xca ..\obj\system_LPC17xx.o
 .debug_abbrev  0x00002227       0x2a ..\obj\slipif.o
 .debug_abbrev  0x00002251      0x1e2 ..\obj\lpc17xx_emac.o
 .debug_abbrev  0x00002433      0x16f ..\obj\memp.o
 .debug_abbrev  0x000025a2      0x10e ..\obj\usbcontrol.o
 .debug_abbrev  0x000026b0       0x2a ..\obj\autoip.o
 .debug_abbrev  0x000026da      0x1a3 ..\obj\sdcard.o
 .debug_abbrev  0x0000287d      0x1e9 ..\obj\config.o
 .debug_abbrev  0x00002a66       0x2a ..\obj\ip_frag.o
 .debug_abbrev  0x00002a90       0x2a ..\obj\msg_out.o
 .debug_abbrev  0x00002aba      0x103 ..\obj\netbuf.o
 .debug_abbrev  0x00002bbd      0x1cc ..\obj\lpc17xx_uart.o
 .debug_abbrev  0x00002d89      0x258 ..\obj\tcpip.o
 .debug_abbrev  0x00002fe1       0x2a ..\obj\asn1_dec.o
 .debug_abbrev  0x0000300b       0x2a ..\obj\lcp.o
 .debug_abbrev  0x00003035       0xbd ..\obj\fsdata.o
 .debug_abbrev  0x000030f2      0x173 ..\obj\uart.o
 .debug_abbrev  0x00003265       0x2a ..\obj\vj.o
 .debug_abbrev  0x0000328f      0x12b ..\obj\fs.o
 .debug_abbrev  0x000033ba      0x1c5 ..\obj\task.o
 .debug_abbrev  0x0000357f       0xce ..\obj\diskio.o
 .debug_abbrev  0x0000364d       0xea ..\obj\ip_stack.o
 .debug_abbrev  0x00003737       0xe2 ..\obj\sersendf.o
 .debug_abbrev  0x00003819      0x236 ..\obj\stepper.o
 .debug_abbrev  0x00003a4f      0x13b ..\obj\lpc17xx_adc.o
 .debug_abbrev  0x00003b8a      0x181 ..\obj\lpc17xx_i2s.o
 .debug_abbrev  0x00003d0b      0x121 ..\obj\serviceReq.o
 .debug_abbrev  0x00003e2c      0x179 ..\obj\sys.o
 .debug_abbrev  0x00003fa5       0xf2 ..\obj\ip_addr.o
 .debug_abbrev  0x00004097       0x6c ..\obj\sermsg.o
 .debug_abbrev  0x00004103      0x1c1 ..\obj\lpc17xx_gpdma.o
 .debug_abbrev  0x000042c4      0x135 ..\obj\inet_chksum.o
 .debug_abbrev  0x000043f9       0x6a ..\obj\main.o
 .debug_abbrev  0x00004463       0x9d ..\obj\r2c2_ios.o
 .debug_abbrev  0x00004500      0x19c ..\obj\usb.o
 .debug_abbrev  0x0000469c       0x2a ..\obj\mib2.o
 .debug_abbrev  0x000046c6      0x166 ..\obj\httpserver-netconn.o
 .debug_abbrev  0x0000482c      0x1b8 ..\obj\lpc17xx_qei.o
 .debug_abbrev  0x000049e4       0x2a ..\obj\netdb.o
 .debug_abbrev  0x00004a0e       0x54 ..\obj\init.o
 .debug_abbrev  0x00004a62      0x238 ..\obj\printf.o
 .debug_abbrev  0x00004c9a       0xc1 ..\obj\unicodetogb2312.o
 .debug_abbrev  0x00004d5b      0x1bf ..\obj\ethernetif.o
 .debug_abbrev  0x00004f1a      0x1ba ..\obj\lpc17xx_gpio.o
 .debug_abbrev  0x000050d4       0x2a ..\obj\chpms.o
 .debug_abbrev  0x000050fe      0x20b ..\obj\etharp.o
 .debug_abbrev  0x00005309      0x15b ..\obj\mbox.o
 .debug_abbrev  0x00005464      0x14a ..\obj\lpc17xx_wdt.o
 .debug_abbrev  0x000055ae      0x102 ..\obj\mm.o
 .debug_abbrev  0x000056b0      0x1b1 ..\obj\httpd.o
 .debug_abbrev  0x00005861       0x2a ..\obj\magic.o
 .debug_abbrev  0x0000588b      0x184 ..\obj\lpc17xx_ssp.o
 .debug_abbrev  0x00005a0f       0x28 ..\obj\syscall.o
 .debug_abbrev  0x00005a37      0x1d8 ..\obj\pbuf.o
 .debug_abbrev  0x00005c0f      0x11b ..\obj\stats.o
 .debug_abbrev  0x00005d2a      0x10d ..\obj\inet.o
 .debug_abbrev  0x00005e37       0x28 ..\obj\lpc17xx_libcfg_default.o
 .debug_abbrev  0x00005e5f       0x2a ..\obj\msg_in.o
 .debug_abbrev  0x00005e89      0x22e ..\obj\netif.o
 .debug_abbrev  0x000060b7       0x2a ..\obj\asn1_enc.o
 .debug_abbrev  0x000060e1      0x26c ..\obj\r2c2_timer.o
 .debug_abbrev  0x0000634d       0x2a ..\obj\fsm.o
 .debug_abbrev  0x00006377      0x184 ..\obj\time.o
 .debug_abbrev  0x000064fb      0x241 ..\obj\api_msg.o
 .debug_abbrev  0x0000673c       0x2a ..\obj\chap.o
 .debug_abbrev  0x00006766      0x196 ..\obj\event.o
 .debug_abbrev  0x000068fc      0x11b ..\obj\lpc17xx_pinsel.o
 .debug_abbrev  0x00006a17       0x2a ..\obj\md5.o
 .debug_abbrev  0x00006a41       0x14 ..\obj\sh_cmd.o
 .debug_abbrev  0x00006a55      0x1db ..\obj\iFAT.o
 .debug_abbrev  0x00006c30      0x100 ..\obj\fifo.o
 .debug_abbrev  0x00006d30      0x178 ..\obj\lpc17xx_spi.o
 .debug_abbrev  0x00006ea8       0xfa ..\obj\lpc17xx_exti.o
 .debug_abbrev  0x00006fa2      0x1f4 ..\obj\sys_arch.o
 .debug_abbrev  0x00007196       0xde ..\obj\syscalls.o
 .debug_abbrev  0x00007274      0x116 ..\obj\lpc17xx_systick.o
 .debug_abbrev  0x0000738a      0x15d ..\obj\usbstdreq.o
 .debug_abbrev  0x000074e7      0x1ae ..\obj\mendel.o
 .debug_abbrev  0x00007695      0x212 ..\obj\lpc17xx_i2c.o
 .debug_abbrev  0x000078a7       0xbd ..\obj\adc.o
 .debug_abbrev  0x00007964      0x17f ..\obj\dda_queue.o
 .debug_abbrev  0x00007ae3       0xa3 ..\obj\iDisk.o
 .debug_abbrev  0x00007b86       0xf2 ..\obj\port.o
 .debug_abbrev  0x00007c78      0x17b ..\obj\queue.o
 .debug_abbrev  0x00007df3      0x15b ..\obj\mutex.o
 .debug_abbrev  0x00007f4e      0x188 ..\obj\flag.o
 .debug_abbrev  0x000080d6       0x2a ..\obj\sockets.o
 .debug_abbrev  0x00008100       0x2a ..\obj\igmp.o
 .debug_abbrev  0x0000812a      0x20b ..\obj\planner.o
 .debug_abbrev  0x00008335       0x2a ..\obj\pap.o
 .debug_abbrev  0x0000835f      0x21f ..\obj\usbhw_lpc.o
 .debug_abbrev  0x0000857e      0x1b7 ..\obj\ff.o
 .debug_abbrev  0x00008735      0x1c6 ..\obj\udp.o
 .debug_abbrev  0x000088fb      0x167 ..\obj\lpc17xx_rtc.o
 .debug_abbrev  0x00008a62      0x195 ..\obj\ip.o
 .debug_abbrev  0x00008bf7       0xde ..\obj\lpc17xx_nvic.o
 .debug_abbrev  0x00008cd5       0x2a ..\obj\auth.o
 .debug_abbrev  0x00008cff       0xa3 ..\obj\startup_Cortex_M3.o
 .debug_abbrev  0x00008da2      0x150 ..\obj\lpc17xx_mcpwm.o
 .debug_abbrev  0x00008ef2      0x10d ..\obj\arch.o
 .debug_abbrev  0x00008fff      0x138 ..\obj\sio.o
 .debug_abbrev  0x00009137       0x2a ..\obj\ppp_oe.o
 .debug_abbrev  0x00009161      0x1a7 ..\obj\icmp.o
 .debug_abbrev  0x00009308      0x185 ..\obj\lpc17xx_pwm.o
 .debug_abbrev  0x0000948d      0x1be ..\obj\dns.o
 .debug_abbrev  0x0000964b       0x2a ..\obj\netifapi.o
 .debug_abbrev  0x00009675      0x1f8 ..\obj\api_lib.o
 .debug_abbrev  0x0000986d      0x111 ..\obj\serial.o
 .debug_abbrev  0x0000997e      0x1d8 ..\obj\dhcp.o
 .debug_abbrev  0x00009b56       0x2a ..\obj\ppp.o
 .debug_abbrev  0x00009b80      0x13d ..\obj\sem.o
 .debug_abbrev  0x00009cbd       0x4e ..\obj\fattime.o
 .debug_abbrev  0x00009d0b      0x1c6 ..\obj\debug_frmwrk.o
 .debug_abbrev  0x00009ed1      0x1dd ..\obj\gcode_parse.o
 .debug_abbrev  0x0000a0ae       0x86 ..\obj\hook.o
 .debug_abbrev  0x0000a134      0x25f ..\obj\gcode_process.o
 .debug_abbrev  0x0000a393       0x2a ..\obj\ipcp.o
 .debug_abbrev  0x0000a3bd      0x237 ..\obj\tcp_out.o
 .debug_abbrev  0x0000a5f4       0x2a ..\obj\loopif.o
 .debug_abbrev  0x0000a61e      0x191 ..\obj\raw.o

.debug_info     0x00000000    0x367af
 .debug_info    0x00000000       0xed ..\obj\usbinit.o
 .debug_info    0x000000ed      0x12b ..\obj\semihosting.o
 .debug_info    0x00000218      0x448 ..\obj\ustdlib.o
 .debug_info    0x00000660      0x63c ..\obj\mem.o
 .debug_info    0x00000c9c      0x90a ..\obj\dda.o
 .debug_info    0x000015a6     0x11f3 ..\obj\lpc17xx_can.o
 .debug_info    0x00002799      0x405 ..\obj\spi.o
 .debug_info    0x00002b9e      0x326 ..\obj\kernelHeap.o
 .debug_info    0x00002ec4      0x85d ..\obj\lpc17xx_timer.o
 .debug_info    0x00003721     0x166b ..\obj\tcp.o
 .debug_info    0x00004d8c      0x378 ..\obj\core.o
 .debug_info    0x00005104      0x27d ..\obj\lpc17xx_dac.o
 .debug_info    0x00005381      0x548 ..\obj\core_cm3.o
 .debug_info    0x000058c9      0x5bf ..\obj\serial_fifo.o
 .debug_info    0x00005e88       0xe5 ..\obj\err.o
 .debug_info    0x00005f6d      0x567 ..\obj\buzzer.o
 .debug_info    0x000064d4      0x35b ..\obj\temp.o
 .debug_info    0x0000682f      0xf33 ..\obj\EMAC.o
 .debug_info    0x00007762       0x73 ..\obj\randm.o
 .debug_info    0x000077d5       0x73 ..\obj\mib_structs.o
 .debug_info    0x00007848      0x448 ..\obj\timer.o
 .debug_info    0x00007c90      0x639 ..\obj\lpc17xx_clkpwr.o
 .debug_info    0x000082c9      0x16d ..\obj\utility.o
 .debug_info    0x00008436      0x2b3 ..\obj\lpc17xx_rit.o
 .debug_info    0x000086e9     0x1030 ..\obj\tcp_in.o
 .debug_info    0x00009719     0x121d ..\obj\iFAT32.o
 .debug_info    0x0000a936      0x356 ..\obj\system_LPC17xx.o
 .debug_info    0x0000ac8c       0x73 ..\obj\slipif.o
 .debug_info    0x0000acff      0xd7b ..\obj\lpc17xx_emac.o
 .debug_info    0x0000ba7a      0x54d ..\obj\memp.o
 .debug_info    0x0000bfc7      0x31a ..\obj\usbcontrol.o
 .debug_info    0x0000c2e1       0x73 ..\obj\autoip.o
 .debug_info    0x0000c354      0x4f0 ..\obj\sdcard.o
 .debug_info    0x0000c844      0xa59 ..\obj\config.o
 .debug_info    0x0000d29d       0x73 ..\obj\ip_frag.o
 .debug_info    0x0000d310       0x73 ..\obj\msg_out.o
 .debug_info    0x0000d383      0x40d ..\obj\netbuf.o
 .debug_info    0x0000d790     0x12bc ..\obj\lpc17xx_uart.o
 .debug_info    0x0000ea4c     0x14b6 ..\obj\tcpip.o
 .debug_info    0x0000ff02       0x73 ..\obj\asn1_dec.o
 .debug_info    0x0000ff75       0x73 ..\obj\lcp.o
 .debug_info    0x0000ffe8      0x1ab ..\obj\fsdata.o
 .debug_info    0x00010193      0x520 ..\obj\uart.o
 .debug_info    0x000106b3       0x73 ..\obj\vj.o
 .debug_info    0x00010726      0x2dd ..\obj\fs.o
 .debug_info    0x00010a03      0x7e9 ..\obj\task.o
 .debug_info    0x000111ec      0x264 ..\obj\diskio.o
 .debug_info    0x00011450      0x6c2 ..\obj\ip_stack.o
 .debug_info    0x00011b12      0x139 ..\obj\sersendf.o
 .debug_info    0x00011c4b      0xb5f ..\obj\stepper.o
 .debug_info    0x000127aa      0x568 ..\obj\lpc17xx_adc.o
 .debug_info    0x00012d12      0x90e ..\obj\lpc17xx_i2s.o
 .debug_info    0x00013620      0x22e ..\obj\serviceReq.o
 .debug_info    0x0001384e      0x453 ..\obj\sys.o
 .debug_info    0x00013ca1      0x31d ..\obj\ip_addr.o
 .debug_info    0x00013fbe      0x1b5 ..\obj\sermsg.o
 .debug_info    0x00014173      0xea9 ..\obj\lpc17xx_gpdma.o
 .debug_info    0x0001501c      0x2c7 ..\obj\inet_chksum.o
 .debug_info    0x000152e3       0xbd ..\obj\main.o
 .debug_info    0x000153a0      0x16c ..\obj\r2c2_ios.o
 .debug_info    0x0001550c      0x687 ..\obj\usb.o
 .debug_info    0x00015b93       0x73 ..\obj\mib2.o
 .debug_info    0x00015c06      0x4fd ..\obj\httpserver-netconn.o
 .debug_info    0x00016103      0x844 ..\obj\lpc17xx_qei.o
 .debug_info    0x00016947       0x73 ..\obj\netdb.o
 .debug_info    0x000169ba       0xa0 ..\obj\init.o
 .debug_info    0x00016a5a      0xed2 ..\obj\printf.o
 .debug_info    0x0001792c      0x160 ..\obj\unicodetogb2312.o
 .debug_info    0x00017a8c      0x81b ..\obj\ethernetif.o
 .debug_info    0x000182a7      0xe12 ..\obj\lpc17xx_gpio.o
 .debug_info    0x000190b9       0x73 ..\obj\chpms.o
 .debug_info    0x0001912c     0x11db ..\obj\etharp.o
 .debug_info    0x0001a307      0x48b ..\obj\mbox.o
 .debug_info    0x0001a792      0x358 ..\obj\lpc17xx_wdt.o
 .debug_info    0x0001aaea      0x348 ..\obj\mm.o
 .debug_info    0x0001ae32      0xb1b ..\obj\httpd.o
 .debug_info    0x0001b94d       0x73 ..\obj\magic.o
 .debug_info    0x0001b9c0      0x77e ..\obj\lpc17xx_ssp.o
 .debug_info    0x0001c13e       0x6f ..\obj\syscall.o
 .debug_info    0x0001c1ad      0xcb7 ..\obj\pbuf.o
 .debug_info    0x0001ce64      0x44d ..\obj\stats.o
 .debug_info    0x0001d2b1      0x2fc ..\obj\inet.o
 .debug_info    0x0001d5ad       0x6f ..\obj\lpc17xx_libcfg_default.o
 .debug_info    0x0001d61c       0x73 ..\obj\msg_in.o
 .debug_info    0x0001d68f      0xf87 ..\obj\netif.o
 .debug_info    0x0001e616       0x73 ..\obj\asn1_enc.o
 .debug_info    0x0001e689      0xd76 ..\obj\r2c2_timer.o
 .debug_info    0x0001f3ff       0x73 ..\obj\fsm.o
 .debug_info    0x0001f472      0x493 ..\obj\time.o
 .debug_info    0x0001f905     0x148d ..\obj\api_msg.o
 .debug_info    0x00020d92       0x73 ..\obj\chap.o
 .debug_info    0x00020e05      0x53f ..\obj\event.o
 .debug_info    0x00021344      0x4a6 ..\obj\lpc17xx_pinsel.o
 .debug_info    0x000217ea       0x73 ..\obj\md5.o
 .debug_info    0x0002185d       0x94 ..\obj\sh_cmd.o
 .debug_info    0x000218f1      0x936 ..\obj\iFAT.o
 .debug_info    0x00022227      0x227 ..\obj\fifo.o
 .debug_info    0x0002244e      0x5c7 ..\obj\lpc17xx_spi.o
 .debug_info    0x00022a15      0x4a0 ..\obj\lpc17xx_exti.o
 .debug_info    0x00022eb5      0xb6c ..\obj\sys_arch.o
 .debug_info    0x00023a21      0x440 ..\obj\syscalls.o
 .debug_info    0x00023e61      0x242 ..\obj\lpc17xx_systick.o
 .debug_info    0x000240a3      0x426 ..\obj\usbstdreq.o
 .debug_info    0x000244c9      0x4e0 ..\obj\mendel.o
 .debug_info    0x000249a9      0xd9c ..\obj\lpc17xx_i2c.o
 .debug_info    0x00025745      0x236 ..\obj\adc.o
 .debug_info    0x0002597b      0x3b8 ..\obj\dda_queue.o
 .debug_info    0x00025d33      0x226 ..\obj\iDisk.o
 .debug_info    0x00025f59      0x1b0 ..\obj\port.o
 .debug_info    0x00026109      0x5cd ..\obj\queue.o
 .debug_info    0x000266d6      0x52e ..\obj\mutex.o
 .debug_info    0x00026c04      0x6e0 ..\obj\flag.o
 .debug_info    0x000272e4       0x73 ..\obj\sockets.o
 .debug_info    0x00027357       0x73 ..\obj\igmp.o
 .debug_info    0x000273ca      0xe06 ..\obj\planner.o
 .debug_info    0x000281d0       0x73 ..\obj\pap.o
 .debug_info    0x00028243      0xfce ..\obj\usbhw_lpc.o
 .debug_info    0x00029211     0x1a0d ..\obj\ff.o
 .debug_info    0x0002ac1e      0xe07 ..\obj\udp.o
 .debug_info    0x0002ba25      0x9f6 ..\obj\lpc17xx_rtc.o
 .debug_info    0x0002c41b      0xc2c ..\obj\ip.o
 .debug_info    0x0002d047      0x3f1 ..\obj\lpc17xx_nvic.o
 .debug_info    0x0002d438       0x73 ..\obj\auth.o
 .debug_info    0x0002d4ab      0x130 ..\obj\startup_Cortex_M3.o
 .debug_info    0x0002d5db      0x803 ..\obj\lpc17xx_mcpwm.o
 .debug_info    0x0002ddde      0x37d ..\obj\arch.o
 .debug_info    0x0002e15b      0x359 ..\obj\sio.o
 .debug_info    0x0002e4b4       0x73 ..\obj\ppp_oe.o
 .debug_info    0x0002e527      0x7b9 ..\obj\icmp.o
 .debug_info    0x0002ece0      0x7d7 ..\obj\lpc17xx_pwm.o
 .debug_info    0x0002f4b7      0x93a ..\obj\dns.o
 .debug_info    0x0002fdf1       0x73 ..\obj\netifapi.o
 .debug_info    0x0002fe64     0x1140 ..\obj\api_lib.o
 .debug_info    0x00030fa4      0x22d ..\obj\serial.o
 .debug_info    0x000311d1     0x1132 ..\obj\dhcp.o
 .debug_info    0x00032303       0x73 ..\obj\ppp.o
 .debug_info    0x00032376      0x44b ..\obj\sem.o
 .debug_info    0x000327c1       0x7b ..\obj\fattime.o
 .debug_info    0x0003283c      0xaa4 ..\obj\debug_frmwrk.o
 .debug_info    0x000332e0      0xa43 ..\obj\gcode_parse.o
 .debug_info    0x00033d23       0xc1 ..\obj\hook.o
 .debug_info    0x00033de4     0x11a7 ..\obj\gcode_process.o
 .debug_info    0x00034f8b       0x73 ..\obj\ipcp.o
 .debug_info    0x00034ffe     0x103b ..\obj\tcp_out.o
 .debug_info    0x00036039       0x73 ..\obj\loopif.o
 .debug_info    0x000360ac      0x703 ..\obj\raw.o

.debug_line     0x00000000    0x15ac9
 .debug_line    0x00000000       0xe4 ..\obj\usbinit.o
 .debug_line    0x000000e4       0xa9 ..\obj\semihosting.o
 .debug_line    0x0000018d      0x320 ..\obj\ustdlib.o
 .debug_line    0x000004ad      0x2c9 ..\obj\mem.o
 .debug_line    0x00000776      0x35c ..\obj\dda.o
 .debug_line    0x00000ad2      0x71e ..\obj\lpc17xx_can.o
 .debug_line    0x000011f0      0x2d9 ..\obj\spi.o
 .debug_line    0x000014c9      0x1b3 ..\obj\kernelHeap.o
 .debug_line    0x0000167c      0x337 ..\obj\lpc17xx_timer.o
 .debug_line    0x000019b3      0x8f9 ..\obj\tcp.o
 .debug_line    0x000022ac      0x125 ..\obj\core.o
 .debug_line    0x000023d1      0x1ec ..\obj\lpc17xx_dac.o
 .debug_line    0x000025bd      0x283 ..\obj\core_cm3.o
 .debug_line    0x00002840      0x2ae ..\obj\serial_fifo.o
 .debug_line    0x00002aee       0xfc ..\obj\err.o
 .debug_line    0x00002bea      0x289 ..\obj\buzzer.o
 .debug_line    0x00002e73      0x24f ..\obj\temp.o
 .debug_line    0x000030c2      0x410 ..\obj\EMAC.o
 .debug_line    0x000034d2       0x1d ..\obj\randm.o
 .debug_line    0x000034ef       0x1d ..\obj\mib_structs.o
 .debug_line    0x0000350c      0x1f8 ..\obj\timer.o
 .debug_line    0x00003704      0x285 ..\obj\lpc17xx_clkpwr.o
 .debug_line    0x00003989       0x9d ..\obj\utility.o
 .debug_line    0x00003a26      0x213 ..\obj\lpc17xx_rit.o
 .debug_line    0x00003c39      0x863 ..\obj\tcp_in.o
 .debug_line    0x0000449c      0x7be ..\obj\iFAT32.o
 .debug_line    0x00004c5a      0x1d0 ..\obj\system_LPC17xx.o
 .debug_line    0x00004e2a       0x1d ..\obj\slipif.o
 .debug_line    0x00004e47      0x4fe ..\obj\lpc17xx_emac.o
 .debug_line    0x00005345      0x1fa ..\obj\memp.o
 .debug_line    0x0000553f      0x170 ..\obj\usbcontrol.o
 .debug_line    0x000056af       0x1d ..\obj\autoip.o
 .debug_line    0x000056cc      0x4ff ..\obj\sdcard.o
 .debug_line    0x00005bcb      0x3b1 ..\obj\config.o
 .debug_line    0x00005f7c       0x1d ..\obj\ip_frag.o
 .debug_line    0x00005f99       0x1d ..\obj\msg_out.o
 .debug_line    0x00005fb6      0x216 ..\obj\netbuf.o
 .debug_line    0x000061cc      0x587 ..\obj\lpc17xx_uart.o
 .debug_line    0x00006753      0x3e7 ..\obj\tcpip.o
 .debug_line    0x00006b3a       0x1d ..\obj\asn1_dec.o
 .debug_line    0x00006b57       0x1d ..\obj\lcp.o
 .debug_line    0x00006b74       0xc7 ..\obj\fsdata.o
 .debug_line    0x00006c3b      0x21a ..\obj\uart.o
 .debug_line    0x00006e55       0x1d ..\obj\vj.o
 .debug_line    0x00006e72      0x13c ..\obj\fs.o
 .debug_line    0x00006fae      0x2ed ..\obj\task.o
 .debug_line    0x0000729b      0x123 ..\obj\diskio.o
 .debug_line    0x000073be      0x17d ..\obj\ip_stack.o
 .debug_line    0x0000753b      0x108 ..\obj\sersendf.o
 .debug_line    0x00007643      0x527 ..\obj\stepper.o
 .debug_line    0x00007b6a      0x2a1 ..\obj\lpc17xx_adc.o
 .debug_line    0x00007e0b      0x3a0 ..\obj\lpc17xx_i2s.o
 .debug_line    0x000081ab       0xd3 ..\obj\serviceReq.o
 .debug_line    0x0000827e      0x272 ..\obj\sys.o
 .debug_line    0x000084f0      0x13a ..\obj\ip_addr.o
 .debug_line    0x0000862a      0x1e4 ..\obj\sermsg.o
 .debug_line    0x0000880e      0x2ab ..\obj\lpc17xx_gpdma.o
 .debug_line    0x00008ab9      0x1aa ..\obj\inet_chksum.o
 .debug_line    0x00008c63       0x86 ..\obj\main.o
 .debug_line    0x00008ce9      0x14f ..\obj\r2c2_ios.o
 .debug_line    0x00008e38      0x28f ..\obj\usb.o
 .debug_line    0x000090c7       0x1d ..\obj\mib2.o
 .debug_line    0x000090e4      0x21f ..\obj\httpserver-netconn.o
 .debug_line    0x00009303      0x34f ..\obj\lpc17xx_qei.o
 .debug_line    0x00009652       0x1d ..\obj\netdb.o
 .debug_line    0x0000966f       0x90 ..\obj\init.o
 .debug_line    0x000096ff      0x3a3 ..\obj\printf.o
 .debug_line    0x00009aa2       0xfd ..\obj\unicodetogb2312.o
 .debug_line    0x00009b9f      0x2a3 ..\obj\ethernetif.o
 .debug_line    0x00009e42      0x450 ..\obj\lpc17xx_gpio.o
 .debug_line    0x0000a292       0x1d ..\obj\chpms.o
 .debug_line    0x0000a2af      0x59a ..\obj\etharp.o
 .debug_line    0x0000a849      0x138 ..\obj\mbox.o
 .debug_line    0x0000a981      0x2a4 ..\obj\lpc17xx_wdt.o
 .debug_line    0x0000ac25      0x14c ..\obj\mm.o
 .debug_line    0x0000ad71      0x2ee ..\obj\httpd.o
 .debug_line    0x0000b05f       0x1d ..\obj\magic.o
 .debug_line    0x0000b07c      0x3bb ..\obj\lpc17xx_ssp.o
 .debug_line    0x0000b437       0x1d ..\obj\syscall.o
 .debug_line    0x0000b454      0x4a4 ..\obj\pbuf.o
 .debug_line    0x0000b8f8      0x18c ..\obj\stats.o
 .debug_line    0x0000ba84      0x232 ..\obj\inet.o
 .debug_line    0x0000bcb6       0x1d ..\obj\lpc17xx_libcfg_default.o
 .debug_line    0x0000bcd3       0x1d ..\obj\msg_in.o
 .debug_line    0x0000bcf0      0x3fa ..\obj\netif.o
 .debug_line    0x0000c0ea       0x1d ..\obj\asn1_enc.o
 .debug_line    0x0000c107      0x421 ..\obj\r2c2_timer.o
 .debug_line    0x0000c528       0x1d ..\obj\fsm.o
 .debug_line    0x0000c545      0x1eb ..\obj\time.o
 .debug_line    0x0000c730      0x645 ..\obj\api_msg.o
 .debug_line    0x0000cd75       0x1d ..\obj\chap.o
 .debug_line    0x0000cd92      0x1bc ..\obj\event.o
 .debug_line    0x0000cf4e      0x22a ..\obj\lpc17xx_pinsel.o
 .debug_line    0x0000d178       0x1d ..\obj\md5.o
 .debug_line    0x0000d195       0x7d ..\obj\sh_cmd.o
 .debug_line    0x0000d212      0x2cf ..\obj\iFAT.o
 .debug_line    0x0000d4e1      0x1ad ..\obj\fifo.o
 .debug_line    0x0000d68e      0x2fd ..\obj\lpc17xx_spi.o
 .debug_line    0x0000d98b      0x1ff ..\obj\lpc17xx_exti.o
 .debug_line    0x0000db8a      0x33a ..\obj\sys_arch.o
 .debug_line    0x0000dec4      0x183 ..\obj\syscalls.o
 .debug_line    0x0000e047      0x217 ..\obj\lpc17xx_systick.o
 .debug_line    0x0000e25e      0x1eb ..\obj\usbstdreq.o
 .debug_line    0x0000e449      0x363 ..\obj\mendel.o
 .debug_line    0x0000e7ac      0x5b8 ..\obj\lpc17xx_i2c.o
 .debug_line    0x0000ed64      0x1a2 ..\obj\adc.o
 .debug_line    0x0000ef06      0x1ea ..\obj\dda_queue.o
 .debug_line    0x0000f0f0       0xef ..\obj\iDisk.o
 .debug_line    0x0000f1df      0x124 ..\obj\port.o
 .debug_line    0x0000f303      0x17b ..\obj\queue.o
 .debug_line    0x0000f47e      0x166 ..\obj\mutex.o
 .debug_line    0x0000f5e4      0x267 ..\obj\flag.o
 .debug_line    0x0000f84b       0x1d ..\obj\sockets.o
 .debug_line    0x0000f868       0x1d ..\obj\igmp.o
 .debug_line    0x0000f885      0x632 ..\obj\planner.o
 .debug_line    0x0000feb7       0x1d ..\obj\pap.o
 .debug_line    0x0000fed4      0x39b ..\obj\usbhw_lpc.o
 .debug_line    0x0001026f      0xe47 ..\obj\ff.o
 .debug_line    0x000110b6      0x49f ..\obj\udp.o
 .debug_line    0x00011555      0x3ce ..\obj\lpc17xx_rtc.o
 .debug_line    0x00011923      0x2b7 ..\obj\ip.o
 .debug_line    0x00011bda      0x18c ..\obj\lpc17xx_nvic.o
 .debug_line    0x00011d66       0x1d ..\obj\auth.o
 .debug_line    0x00011d83       0x9e ..\obj\startup_Cortex_M3.o
 .debug_line    0x00011e21      0x545 ..\obj\lpc17xx_mcpwm.o
 .debug_line    0x00012366       0xfe ..\obj\arch.o
 .debug_line    0x00012464      0x1c5 ..\obj\sio.o
 .debug_line    0x00012629       0x1d ..\obj\ppp_oe.o
 .debug_line    0x00012646      0x2f3 ..\obj\icmp.o
 .debug_line    0x00012939      0x345 ..\obj\lpc17xx_pwm.o
 .debug_line    0x00012c7e      0x429 ..\obj\dns.o
 .debug_line    0x000130a7       0x1d ..\obj\netifapi.o
 .debug_line    0x000130c4      0x41b ..\obj\api_lib.o
 .debug_line    0x000134df      0x204 ..\obj\serial.o
 .debug_line    0x000136e3      0xa9f ..\obj\dhcp.o
 .debug_line    0x00014182       0x1d ..\obj\ppp.o
 .debug_line    0x0001419f      0x130 ..\obj\sem.o
 .debug_line    0x000142cf       0xbc ..\obj\fattime.o
 .debug_line    0x0001438b      0x321 ..\obj\debug_frmwrk.o
 .debug_line    0x000146ac      0x405 ..\obj\gcode_parse.o
 .debug_line    0x00014ab1       0x8b ..\obj\hook.o
 .debug_line    0x00014b3c      0x6c0 ..\obj\gcode_process.o
 .debug_line    0x000151fc       0x1d ..\obj\ipcp.o
 .debug_line    0x00015219      0x639 ..\obj\tcp_out.o
 .debug_line    0x00015852       0x1d ..\obj\loopif.o
 .debug_line    0x0001586f      0x25a ..\obj\raw.o

.debug_loc      0x00000000    0x1023c
 .debug_loc     0x00000000       0x64 ..\obj\usbinit.o
 .debug_loc     0x00000064       0xa8 ..\obj\semihosting.o
 .debug_loc     0x0000010c      0x168 ..\obj\ustdlib.o
 .debug_loc     0x00000274      0x150 ..\obj\mem.o
 .debug_loc     0x000003c4      0x1ee ..\obj\dda.o
 .debug_loc     0x000005b2      0x466 ..\obj\lpc17xx_can.o
 .debug_loc     0x00000a18      0x17c ..\obj\spi.o
 .debug_loc     0x00000b94       0xd4 ..\obj\kernelHeap.o
 .debug_loc     0x00000c68      0x380 ..\obj\lpc17xx_timer.o
 .debug_loc     0x00000fe8      0x7f5 ..\obj\tcp.o
 .debug_loc     0x000017dd      0x160 ..\obj\core.o
 .debug_loc     0x0000193d      0x118 ..\obj\lpc17xx_dac.o
 .debug_loc     0x00001a55      0x3f0 ..\obj\core_cm3.o
 .debug_loc     0x00001e45      0x268 ..\obj\serial_fifo.o
 .debug_loc     0x000020ad       0x38 ..\obj\err.o
 .debug_loc     0x000020e5      0x164 ..\obj\buzzer.o
 .debug_loc     0x00002249      0x1e0 ..\obj\temp.o
 .debug_loc     0x00002429      0x404 ..\obj\EMAC.o
 .debug_loc     0x0000282d      0x224 ..\obj\timer.o
 .debug_loc     0x00002a51      0x1bc ..\obj\lpc17xx_clkpwr.o
 .debug_loc     0x00002c0d       0x70 ..\obj\utility.o
 .debug_loc     0x00002c7d      0x150 ..\obj\lpc17xx_rit.o
 .debug_loc     0x00002dcd      0x18a ..\obj\tcp_in.o
 .debug_loc     0x00002f57      0x76a ..\obj\iFAT32.o
 .debug_loc     0x000036c1       0x58 ..\obj\system_LPC17xx.o
 .debug_loc     0x00003719      0x528 ..\obj\lpc17xx_emac.o
 .debug_loc     0x00003c41       0xe0 ..\obj\memp.o
 .debug_loc     0x00003d21      0x118 ..\obj\usbcontrol.o
 .debug_loc     0x00003e39      0x300 ..\obj\sdcard.o
 .debug_loc     0x00004139      0x152 ..\obj\config.o
 .debug_loc     0x0000428b      0x1f8 ..\obj\netbuf.o
 .debug_loc     0x00004483      0x65a ..\obj\lpc17xx_uart.o
 .debug_loc     0x00004add      0x374 ..\obj\tcpip.o
 .debug_loc     0x00004e51       0x2c ..\obj\fsdata.o
 .debug_loc     0x00004e7d      0x100 ..\obj\uart.o
 .debug_loc     0x00004f7d      0x118 ..\obj\fs.o
 .debug_loc     0x00005095      0x288 ..\obj\task.o
 .debug_loc     0x0000531d      0x144 ..\obj\diskio.o
 .debug_loc     0x00005461       0x38 ..\obj\ip_stack.o
 .debug_loc     0x00005499       0x44 ..\obj\sersendf.o
 .debug_loc     0x000054dd      0x3fc ..\obj\stepper.o
 .debug_loc     0x000058d9      0x2d8 ..\obj\lpc17xx_adc.o
 .debug_loc     0x00005bb1      0x49a ..\obj\lpc17xx_i2s.o
 .debug_loc     0x0000604b       0x70 ..\obj\serviceReq.o
 .debug_loc     0x000060bb      0x188 ..\obj\sys.o
 .debug_loc     0x00006243       0x38 ..\obj\ip_addr.o
 .debug_loc     0x0000627b      0x188 ..\obj\sermsg.o
 .debug_loc     0x00006403      0x10c ..\obj\lpc17xx_gpdma.o
 .debug_loc     0x0000650f       0xe0 ..\obj\inet_chksum.o
 .debug_loc     0x000065ef       0x84 ..\obj\main.o
 .debug_loc     0x00006673       0xa8 ..\obj\r2c2_ios.o
 .debug_loc     0x0000671b      0x170 ..\obj\usb.o
 .debug_loc     0x0000688b       0xa8 ..\obj\httpserver-netconn.o
 .debug_loc     0x00006933      0x49a ..\obj\lpc17xx_qei.o
 .debug_loc     0x00006dcd       0x58 ..\obj\init.o
 .debug_loc     0x00006e25      0x3ea ..\obj\printf.o
 .debug_loc     0x0000720f       0x70 ..\obj\unicodetogb2312.o
 .debug_loc     0x0000727f      0x118 ..\obj\ethernetif.o
 .debug_loc     0x00007397      0x620 ..\obj\lpc17xx_gpio.o
 .debug_loc     0x000079b7      0x2df ..\obj\etharp.o
 .debug_loc     0x00007c96      0x150 ..\obj\mbox.o
 .debug_loc     0x00007de6      0x1e8 ..\obj\lpc17xx_wdt.o
 .debug_loc     0x00007fce      0x118 ..\obj\mm.o
 .debug_loc     0x000080e6      0x1f8 ..\obj\httpd.o
 .debug_loc     0x000082de      0x3f0 ..\obj\lpc17xx_ssp.o
 .debug_loc     0x000086ce      0x348 ..\obj\pbuf.o
 .debug_loc     0x00008a16      0x11a ..\obj\stats.o
 .debug_loc     0x00008b30      0x188 ..\obj\inet.o
 .debug_loc     0x00008cb8      0x269 ..\obj\netif.o
 .debug_loc     0x00008f21      0x4f8 ..\obj\r2c2_timer.o
 .debug_loc     0x00009419      0x1a8 ..\obj\time.o
 .debug_loc     0x000095c1      0x5e8 ..\obj\api_msg.o
 .debug_loc     0x00009ba9      0x188 ..\obj\event.o
 .debug_loc     0x00009d31      0x150 ..\obj\lpc17xx_pinsel.o
 .debug_loc     0x00009e81      0x490 ..\obj\iFAT.o
 .debug_loc     0x0000a311       0xe0 ..\obj\fifo.o
 .debug_loc     0x0000a3f1      0x2d8 ..\obj\lpc17xx_spi.o
 .debug_loc     0x0000a6c9      0x138 ..\obj\lpc17xx_exti.o
 .debug_loc     0x0000a801      0x3ac ..\obj\sys_arch.o
 .debug_loc     0x0000abad      0x1ec ..\obj\syscalls.o
 .debug_loc     0x0000ad99      0x138 ..\obj\lpc17xx_systick.o
 .debug_loc     0x0000aed1      0x1c0 ..\obj\usbstdreq.o
 .debug_loc     0x0000b091      0x12c ..\obj\mendel.o
 .debug_loc     0x0000b1bd      0x508 ..\obj\lpc17xx_i2c.o
 .debug_loc     0x0000b6c5       0x38 ..\obj\adc.o
 .debug_loc     0x0000b6fd      0x12c ..\obj\dda_queue.o
 .debug_loc     0x0000b829      0x1a8 ..\obj\iDisk.o
 .debug_loc     0x0000b9d1       0xc8 ..\obj\port.o
 .debug_loc     0x0000ba99      0x150 ..\obj\queue.o
 .debug_loc     0x0000bbe9       0xe0 ..\obj\mutex.o
 .debug_loc     0x0000bcc9      0x2a0 ..\obj\flag.o
 .debug_loc     0x0000bf69      0x571 ..\obj\planner.o
 .debug_loc     0x0000c4da      0x454 ..\obj\usbhw_lpc.o
 .debug_loc     0x0000c92e      0x9c0 ..\obj\ff.o
 .debug_loc     0x0000d2ee      0x26a ..\obj\udp.o
 .debug_loc     0x0000d558      0x460 ..\obj\lpc17xx_rtc.o
 .debug_loc     0x0000d9b8       0xe0 ..\obj\ip.o
 .debug_loc     0x0000da98       0xa8 ..\obj\lpc17xx_nvic.o
 .debug_loc     0x0000db40       0x64 ..\obj\startup_Cortex_M3.o
 .debug_loc     0x0000dba4      0x348 ..\obj\lpc17xx_mcpwm.o
 .debug_loc     0x0000deec       0x64 ..\obj\arch.o
 .debug_loc     0x0000df50      0x188 ..\obj\sio.o
 .debug_loc     0x0000e0d8       0xa9 ..\obj\icmp.o
 .debug_loc     0x0000e181      0x310 ..\obj\lpc17xx_pwm.o
 .debug_loc     0x0000e491      0x2ce ..\obj\dns.o
 .debug_loc     0x0000e75f      0x310 ..\obj\api_lib.o
 .debug_loc     0x0000ea6f      0x164 ..\obj\serial.o
 .debug_loc     0x0000ebd3      0x7e2 ..\obj\dhcp.o
 .debug_loc     0x0000f3b5      0x150 ..\obj\sem.o
 .debug_loc     0x0000f505       0x2c ..\obj\fattime.o
 .debug_loc     0x0000f531      0x268 ..\obj\debug_frmwrk.o
 .debug_loc     0x0000f799      0x138 ..\obj\gcode_parse.o
 .debug_loc     0x0000f8d1       0x70 ..\obj\hook.o
 .debug_loc     0x0000f941      0x460 ..\obj\gcode_process.o
 .debug_loc     0x0000fda1      0x2db ..\obj\tcp_out.o
 .debug_loc     0x0001007c      0x1c0 ..\obj\raw.o

.debug_pubnames
                0x00000000     0x5730
 .debug_pubnames
                0x00000000       0x1e ..\obj\usbinit.o
 .debug_pubnames
                0x0000001e       0x43 ..\obj\semihosting.o
 .debug_pubnames
                0x00000061       0x64 ..\obj\ustdlib.o
 .debug_pubnames
                0x000000c5       0x5a ..\obj\mem.o
 .debug_pubnames
                0x0000011f      0x11b ..\obj\dda.o
 .debug_pubnames
                0x0000023a      0x205 ..\obj\lpc17xx_can.o
 .debug_pubnames
                0x0000043f       0x7d ..\obj\spi.o
 .debug_pubnames
                0x000004bc       0x63 ..\obj\kernelHeap.o
 .debug_pubnames
                0x0000051f      0x12b ..\obj\lpc17xx_timer.o
 .debug_pubnames
                0x0000064a      0x2f6 ..\obj\tcp.o
 .debug_pubnames
                0x00000940       0xc3 ..\obj\core.o
 .debug_pubnames
                0x00000a03       0x7a ..\obj\lpc17xx_dac.o
 .debug_pubnames
                0x00000a7d      0x159 ..\obj\core_cm3.o
 .debug_pubnames
                0x00000bd6       0x92 ..\obj\serial_fifo.o
 .debug_pubnames
                0x00000c68       0x22 ..\obj\err.o
 .debug_pubnames
                0x00000c8a       0x42 ..\obj\buzzer.o
 .debug_pubnames
                0x00000ccc       0xaf ..\obj\temp.o
 .debug_pubnames
                0x00000d7b      0x170 ..\obj\EMAC.o
 .debug_pubnames
                0x00000eeb       0xb8 ..\obj\timer.o
 .debug_pubnames
                0x00000fa3       0xbb ..\obj\lpc17xx_clkpwr.o
 .debug_pubnames
                0x0000105e       0x34 ..\obj\utility.o
 .debug_pubnames
                0x00001092       0x79 ..\obj\lpc17xx_rit.o
 .debug_pubnames
                0x0000110b       0x32 ..\obj\tcp_in.o
 .debug_pubnames
                0x0000113d      0x2f8 ..\obj\iFAT32.o
 .debug_pubnames
                0x00001435       0x4f ..\obj\system_LPC17xx.o
 .debug_pubnames
                0x00001484      0x1d3 ..\obj\lpc17xx_emac.o
 .debug_pubnames
                0x00001657       0x3e ..\obj\memp.o
 .debug_pubnames
                0x00001695       0x4d ..\obj\usbcontrol.o
 .debug_pubnames
                0x000016e2       0x8d ..\obj\sdcard.o
 .debug_pubnames
                0x0000176f       0x83 ..\obj\config.o
 .debug_pubnames
                0x000017f2       0xa5 ..\obj\netbuf.o
 .debug_pubnames
                0x00001897      0x271 ..\obj\lpc17xx_uart.o
 .debug_pubnames
                0x00001b08       0xdb ..\obj\tcpip.o
 .debug_pubnames
                0x00001be3       0x5e ..\obj\fsdata.o
 .debug_pubnames
                0x00001c41       0x69 ..\obj\uart.o
 .debug_pubnames
                0x00001caa       0x81 ..\obj\fs.o
 .debug_pubnames
                0x00001d2b      0x12e ..\obj\task.o
 .debug_pubnames
                0x00001e59       0x75 ..\obj\diskio.o
 .debug_pubnames
                0x00001ece       0x24 ..\obj\ip_stack.o
 .debug_pubnames
                0x00001ef2       0x2a ..\obj\sersendf.o
 .debug_pubnames
                0x00001f1c       0xf5 ..\obj\stepper.o
 .debug_pubnames
                0x00002011      0x110 ..\obj\lpc17xx_adc.o
 .debug_pubnames
                0x00002121      0x145 ..\obj\lpc17xx_i2s.o
 .debug_pubnames
                0x00002266       0x64 ..\obj\serviceReq.o
 .debug_pubnames
                0x000022ca       0x80 ..\obj\sys.o
 .debug_pubnames
                0x0000234a       0x50 ..\obj\ip_addr.o
 .debug_pubnames
                0x0000239a       0x97 ..\obj\sermsg.o
 .debug_pubnames
                0x00002431       0xc3 ..\obj\lpc17xx_gpdma.o
 .debug_pubnames
                0x000024f4       0x4e ..\obj\inet_chksum.o
 .debug_pubnames
                0x00002542       0x34 ..\obj\main.o
 .debug_pubnames
                0x00002576       0x42 ..\obj\r2c2_ios.o
 .debug_pubnames
                0x000025b8       0x4e ..\obj\usb.o
 .debug_pubnames
                0x00002606       0x52 ..\obj\httpserver-netconn.o
 .debug_pubnames
                0x00002658      0x1aa ..\obj\lpc17xx_qei.o
 .debug_pubnames
                0x00002802       0x20 ..\obj\init.o
 .debug_pubnames
                0x00002822      0x101 ..\obj\printf.o
 .debug_pubnames
                0x00002923       0x52 ..\obj\unicodetogb2312.o
 .debug_pubnames
                0x00002975       0x62 ..\obj\ethernetif.o
 .debug_pubnames
                0x000029d7      0x203 ..\obj\lpc17xx_gpio.o
 .debug_pubnames
                0x00002bda       0xc5 ..\obj\etharp.o
 .debug_pubnames
                0x00002c9f       0x71 ..\obj\mbox.o
 .debug_pubnames
                0x00002d10       0x97 ..\obj\lpc17xx_wdt.o
 .debug_pubnames
                0x00002da7       0xa8 ..\obj\mm.o
 .debug_pubnames
                0x00002e4f       0x3a ..\obj\httpd.o
 .debug_pubnames
                0x00002e89      0x16c ..\obj\lpc17xx_ssp.o
 .debug_pubnames
                0x00002ff5       0xdc ..\obj\pbuf.o
 .debug_pubnames
                0x000030d1       0x8e ..\obj\stats.o
 .debug_pubnames
                0x0000315f       0x64 ..\obj\inet.o
 .debug_pubnames
                0x000031c3       0xfa ..\obj\netif.o
 .debug_pubnames
                0x000032bd      0x1df ..\obj\r2c2_timer.o
 .debug_pubnames
                0x0000349c       0xb3 ..\obj\time.o
 .debug_pubnames
                0x0000354f       0xe4 ..\obj\api_msg.o
 .debug_pubnames
                0x00003633       0xa7 ..\obj\event.o
 .debug_pubnames
                0x000036da       0x59 ..\obj\lpc17xx_pinsel.o
 .debug_pubnames
                0x00003733      0x18d ..\obj\iFAT.o
 .debug_pubnames
                0x000038c0       0x4b ..\obj\fifo.o
 .debug_pubnames
                0x0000390b      0x105 ..\obj\lpc17xx_spi.o
 .debug_pubnames
                0x00003a10       0x7d ..\obj\lpc17xx_exti.o
 .debug_pubnames
                0x00003a8d      0x15a ..\obj\sys_arch.o
 .debug_pubnames
                0x00003be7       0x71 ..\obj\syscalls.o
 .debug_pubnames
                0x00003c58       0xa0 ..\obj\lpc17xx_systick.o
 .debug_pubnames
                0x00003cf8       0x7f ..\obj\usbstdreq.o
 .debug_pubnames
                0x00003d77       0xae ..\obj\mendel.o
 .debug_pubnames
                0x00003e25      0x163 ..\obj\lpc17xx_i2c.o
 .debug_pubnames
                0x00003f88       0x22 ..\obj\adc.o
 .debug_pubnames
                0x00003faa       0x91 ..\obj\dda_queue.o
 .debug_pubnames
                0x0000403b       0xc9 ..\obj\iDisk.o
 .debug_pubnames
                0x00004104       0xba ..\obj\port.o
 .debug_pubnames
                0x000041be       0xa6 ..\obj\queue.o
 .debug_pubnames
                0x00004264       0x85 ..\obj\mutex.o
 .debug_pubnames
                0x000042e9       0xe2 ..\obj\flag.o
 .debug_pubnames
                0x000043cb      0x195 ..\obj\planner.o
 .debug_pubnames
                0x00004560      0x132 ..\obj\usbhw_lpc.o
 .debug_pubnames
                0x00004692      0x13a ..\obj\ff.o
 .debug_pubnames
                0x000047cc       0xc7 ..\obj\udp.o
 .debug_pubnames
                0x00004893      0x1ab ..\obj\lpc17xx_rtc.o
 .debug_pubnames
                0x00004a3e       0x70 ..\obj\ip.o
 .debug_pubnames
                0x00004aae       0x46 ..\obj\lpc17xx_nvic.o
 .debug_pubnames
                0x00004af4       0x4a ..\obj\startup_Cortex_M3.o
 .debug_pubnames
                0x00004b3e      0x13b ..\obj\lpc17xx_mcpwm.o
 .debug_pubnames
                0x00004c79       0x48 ..\obj\arch.o
 .debug_pubnames
                0x00004cc1       0x62 ..\obj\sio.o
 .debug_pubnames
                0x00004d23       0x37 ..\obj\icmp.o
 .debug_pubnames
                0x00004d5a      0x127 ..\obj\lpc17xx_pwm.o
 .debug_pubnames
                0x00004e81       0x65 ..\obj\dns.o
 .debug_pubnames
                0x00004ee6      0x143 ..\obj\api_lib.o
 .debug_pubnames
                0x00005029       0x9a ..\obj\serial.o
 .debug_pubnames
                0x000050c3       0xb1 ..\obj\dhcp.o
 .debug_pubnames
                0x00005174       0x6b ..\obj\sem.o
 .debug_pubnames
                0x000051df       0x22 ..\obj\fattime.o
 .debug_pubnames
                0x00005201      0x150 ..\obj\debug_frmwrk.o
 .debug_pubnames
                0x00005351       0x8d ..\obj\gcode_parse.o
 .debug_pubnames
                0x000053de       0x37 ..\obj\hook.o
 .debug_pubnames
                0x00005415      0x1c4 ..\obj\gcode_process.o
 .debug_pubnames
                0x000055d9       0xd6 ..\obj\tcp_out.o
 .debug_pubnames
                0x000056af       0x81 ..\obj\raw.o

.debug_pubtypes
                0x00000000     0x4d23
 .debug_pubtypes
                0x00000000       0x22 ..\obj\usbinit.o
 .debug_pubtypes
                0x00000022       0x12 ..\obj\semihosting.o
 .debug_pubtypes
                0x00000034       0x49 ..\obj\ustdlib.o
 .debug_pubtypes
                0x0000007d       0xda ..\obj\mem.o
 .debug_pubtypes
                0x00000157       0x98 ..\obj\dda.o
 .debug_pubtypes
                0x000001ef      0x1f2 ..\obj\lpc17xx_can.o
 .debug_pubtypes
                0x000003e1       0x8f ..\obj\spi.o
 .debug_pubtypes
                0x00000470       0x6c ..\obj\kernelHeap.o
 .debug_pubtypes
                0x000004dc      0x107 ..\obj\lpc17xx_timer.o
 .debug_pubtypes
                0x000005e3      0x128 ..\obj\tcp.o
 .debug_pubtypes
                0x0000070b       0x8f ..\obj\core.o
 .debug_pubtypes
                0x0000079a       0x67 ..\obj\lpc17xx_dac.o
 .debug_pubtypes
                0x00000801       0x50 ..\obj\core_cm3.o
 .debug_pubtypes
                0x00000851       0x62 ..\obj\serial_fifo.o
 .debug_pubtypes
                0x000008b3       0x25 ..\obj\err.o
 .debug_pubtypes
                0x000008d8       0xb5 ..\obj\buzzer.o
 .debug_pubtypes
                0x0000098d       0x50 ..\obj\temp.o
 .debug_pubtypes
                0x000009dd       0xc7 ..\obj\EMAC.o
 .debug_pubtypes
                0x00000aa4       0x12 ..\obj\randm.o
 .debug_pubtypes
                0x00000ab6       0x12 ..\obj\mib_structs.o
 .debug_pubtypes
                0x00000ac8       0x80 ..\obj\timer.o
 .debug_pubtypes
                0x00000b48       0x5f ..\obj\lpc17xx_clkpwr.o
 .debug_pubtypes
                0x00000ba7       0x38 ..\obj\utility.o
 .debug_pubtypes
                0x00000bdf       0x61 ..\obj\lpc17xx_rit.o
 .debug_pubtypes
                0x00000c40      0x133 ..\obj\tcp_in.o
 .debug_pubtypes
                0x00000d73       0x81 ..\obj\iFAT32.o
 .debug_pubtypes
                0x00000df4       0x32 ..\obj\system_LPC17xx.o
 .debug_pubtypes
                0x00000e26       0x12 ..\obj\slipif.o
 .debug_pubtypes
                0x00000e38       0xf8 ..\obj\lpc17xx_emac.o
 .debug_pubtypes
                0x00000f30       0xc2 ..\obj\memp.o
 .debug_pubtypes
                0x00000ff2       0x50 ..\obj\usbcontrol.o
 .debug_pubtypes
                0x00001042       0x12 ..\obj\autoip.o
 .debug_pubtypes
                0x00001054       0x83 ..\obj\sdcard.o
 .debug_pubtypes
                0x000010d7       0xb9 ..\obj\config.o
 .debug_pubtypes
                0x00001190       0x12 ..\obj\ip_frag.o
 .debug_pubtypes
                0x000011a2       0x12 ..\obj\msg_out.o
 .debug_pubtypes
                0x000011b4       0x62 ..\obj\netbuf.o
 .debug_pubtypes
                0x00001216      0x22f ..\obj\lpc17xx_uart.o
 .debug_pubtypes
                0x00001445      0x1c7 ..\obj\tcpip.o
 .debug_pubtypes
                0x0000160c       0x12 ..\obj\asn1_dec.o
 .debug_pubtypes
                0x0000161e       0x12 ..\obj\lcp.o
 .debug_pubtypes
                0x00001630       0x22 ..\obj\fsdata.o
 .debug_pubtypes
                0x00001652       0xeb ..\obj\uart.o
 .debug_pubtypes
                0x0000173d       0x12 ..\obj\vj.o
 .debug_pubtypes
                0x0000174f       0x3b ..\obj\fs.o
 .debug_pubtypes
                0x0000178a       0xe9 ..\obj\task.o
 .debug_pubtypes
                0x00001873       0x3d ..\obj\diskio.o
 .debug_pubtypes
                0x000018b0       0x83 ..\obj\ip_stack.o
 .debug_pubtypes
                0x00001933       0x3f ..\obj\sersendf.o
 .debug_pubtypes
                0x00001972      0x108 ..\obj\stepper.o
 .debug_pubtypes
                0x00001a7a       0x84 ..\obj\lpc17xx_adc.o
 .debug_pubtypes
                0x00001afe       0xb4 ..\obj\lpc17xx_i2s.o
 .debug_pubtypes
                0x00001bb2       0x63 ..\obj\serviceReq.o
 .debug_pubtypes
                0x00001c15       0x9c ..\obj\sys.o
 .debug_pubtypes
                0x00001cb1       0x61 ..\obj\ip_addr.o
 .debug_pubtypes
                0x00001d12       0x44 ..\obj\sermsg.o
 .debug_pubtypes
                0x00001d56      0x183 ..\obj\lpc17xx_gpdma.o
 .debug_pubtypes
                0x00001ed9       0x4e ..\obj\inet_chksum.o
 .debug_pubtypes
                0x00001f27       0x12 ..\obj\main.o
 .debug_pubtypes
                0x00001f39       0x2b ..\obj\r2c2_ios.o
 .debug_pubtypes
                0x00001f64       0x9c ..\obj\usb.o
 .debug_pubtypes
                0x00002000       0x12 ..\obj\mib2.o
 .debug_pubtypes
                0x00002012      0x118 ..\obj\httpserver-netconn.o
 .debug_pubtypes
                0x0000212a       0xab ..\obj\lpc17xx_qei.o
 .debug_pubtypes
                0x000021d5       0x12 ..\obj\netdb.o
 .debug_pubtypes
                0x000021e7       0x12 ..\obj\init.o
 .debug_pubtypes
                0x000021f9      0x139 ..\obj\printf.o
 .debug_pubtypes
                0x00002332       0x28 ..\obj\unicodetogb2312.o
 .debug_pubtypes
                0x0000235a      0x127 ..\obj\ethernetif.o
 .debug_pubtypes
                0x00002481       0xa9 ..\obj\lpc17xx_gpio.o
 .debug_pubtypes
                0x0000252a       0x12 ..\obj\chpms.o
 .debug_pubtypes
                0x0000253c      0x15a ..\obj\etharp.o
 .debug_pubtypes
                0x00002696       0xa2 ..\obj\mbox.o
 .debug_pubtypes
                0x00002738       0x6f ..\obj\lpc17xx_wdt.o
 .debug_pubtypes
                0x000027a7       0x74 ..\obj\mm.o
 .debug_pubtypes
                0x0000281b       0xc3 ..\obj\httpd.o
 .debug_pubtypes
                0x000028de       0x12 ..\obj\magic.o
 .debug_pubtypes
                0x000028f0       0xc8 ..\obj\lpc17xx_ssp.o
 .debug_pubtypes
                0x000029b8       0x12 ..\obj\syscall.o
 .debug_pubtypes
                0x000029ca       0xd7 ..\obj\pbuf.o
 .debug_pubtypes
                0x00002aa1       0x88 ..\obj\stats.o
 .debug_pubtypes
                0x00002b29       0x3b ..\obj\inet.o
 .debug_pubtypes
                0x00002b64       0x12 ..\obj\lpc17xx_libcfg_default.o
 .debug_pubtypes
                0x00002b76       0x12 ..\obj\msg_in.o
 .debug_pubtypes
                0x00002b88       0xe8 ..\obj\netif.o
 .debug_pubtypes
                0x00002c70       0x12 ..\obj\asn1_enc.o
 .debug_pubtypes
                0x00002c82      0x124 ..\obj\r2c2_timer.o
 .debug_pubtypes
                0x00002da6       0x12 ..\obj\fsm.o
 .debug_pubtypes
                0x00002db8       0xa3 ..\obj\time.o
 .debug_pubtypes
                0x00002e5b      0x18d ..\obj\api_msg.o
 .debug_pubtypes
                0x00002fe8       0x12 ..\obj\chap.o
 .debug_pubtypes
                0x00002ffa       0xbf ..\obj\event.o
 .debug_pubtypes
                0x000030b9       0x6a ..\obj\lpc17xx_pinsel.o
 .debug_pubtypes
                0x00003123       0x12 ..\obj\md5.o
 .debug_pubtypes
                0x00003135       0x80 ..\obj\iFAT.o
 .debug_pubtypes
                0x000031b5       0x69 ..\obj\fifo.o
 .debug_pubtypes
                0x0000321e       0xc8 ..\obj\lpc17xx_spi.o
 .debug_pubtypes
                0x000032e6       0x84 ..\obj\lpc17xx_exti.o
 .debug_pubtypes
                0x0000336a      0x1c6 ..\obj\sys_arch.o
 .debug_pubtypes
                0x00003530       0xaa ..\obj\syscalls.o
 .debug_pubtypes
                0x000035da       0x44 ..\obj\lpc17xx_systick.o
 .debug_pubtypes
                0x0000361e       0x50 ..\obj\usbstdreq.o
 .debug_pubtypes
                0x0000366e       0xaa ..\obj\mendel.o
 .debug_pubtypes
                0x00003718      0x113 ..\obj\lpc17xx_i2c.o
 .debug_pubtypes
                0x0000382b       0x4c ..\obj\adc.o
 .debug_pubtypes
                0x00003877       0x4a ..\obj\dda_queue.o
 .debug_pubtypes
                0x000038c1       0x2c ..\obj\port.o
 .debug_pubtypes
                0x000038ed       0xbe ..\obj\queue.o
 .debug_pubtypes
                0x000039ab       0xd5 ..\obj\mutex.o
 .debug_pubtypes
                0x00003a80       0xdd ..\obj\flag.o
 .debug_pubtypes
                0x00003b5d       0x12 ..\obj\sockets.o
 .debug_pubtypes
                0x00003b6f       0x12 ..\obj\igmp.o
 .debug_pubtypes
                0x00003b81       0xb2 ..\obj\planner.o
 .debug_pubtypes
                0x00003c33       0x12 ..\obj\pap.o
 .debug_pubtypes
                0x00003c45       0xba ..\obj\usbhw_lpc.o
 .debug_pubtypes
                0x00003cff       0xb6 ..\obj\ff.o
 .debug_pubtypes
                0x00003db5      0x10e ..\obj\udp.o
 .debug_pubtypes
                0x00003ec3       0x80 ..\obj\lpc17xx_rtc.o
 .debug_pubtypes
                0x00003f43      0x10e ..\obj\ip.o
 .debug_pubtypes
                0x00004051       0x46 ..\obj\lpc17xx_nvic.o
 .debug_pubtypes
                0x00004097       0x12 ..\obj\auth.o
 .debug_pubtypes
                0x000040a9       0xa7 ..\obj\lpc17xx_mcpwm.o
 .debug_pubtypes
                0x00004150       0xc1 ..\obj\arch.o
 .debug_pubtypes
                0x00004211       0xa3 ..\obj\sio.o
 .debug_pubtypes
                0x000042b4       0x12 ..\obj\ppp_oe.o
 .debug_pubtypes
                0x000042c6       0xf2 ..\obj\icmp.o
 .debug_pubtypes
                0x000043b8       0xca ..\obj\lpc17xx_pwm.o
 .debug_pubtypes
                0x00004482       0xc1 ..\obj\dns.o
 .debug_pubtypes
                0x00004543       0x12 ..\obj\netifapi.o
 .debug_pubtypes
                0x00004555      0x18e ..\obj\api_lib.o
 .debug_pubtypes
                0x000046e3       0x30 ..\obj\serial.o
 .debug_pubtypes
                0x00004713       0x8d ..\obj\dhcp.o
 .debug_pubtypes
                0x000047a0       0x12 ..\obj\ppp.o
 .debug_pubtypes
                0x000047b2       0xa2 ..\obj\sem.o
 .debug_pubtypes
                0x00004854       0x1c ..\obj\fattime.o
 .debug_pubtypes
                0x00004870       0xca ..\obj\debug_frmwrk.o
 .debug_pubtypes
                0x0000493a       0xe5 ..\obj\gcode_parse.o
 .debug_pubtypes
                0x00004a1f       0x24 ..\obj\hook.o
 .debug_pubtypes
                0x00004a43      0x13b ..\obj\gcode_process.o
 .debug_pubtypes
                0x00004b7e       0x12 ..\obj\ipcp.o
 .debug_pubtypes
                0x00004b90       0xff ..\obj\tcp_out.o
 .debug_pubtypes
                0x00004c8f       0x12 ..\obj\loopif.o
 .debug_pubtypes
                0x00004ca1       0x82 ..\obj\raw.o

.debug_aranges  0x00000000     0x30c8
 .debug_aranges
                0x00000000       0x28 ..\obj\usbinit.o
 .debug_aranges
                0x00000028       0x30 ..\obj\semihosting.o
 .debug_aranges
                0x00000058       0x48 ..\obj\ustdlib.o
 .debug_aranges
                0x000000a0       0x48 ..\obj\mem.o
 .debug_aranges
                0x000000e8       0x60 ..\obj\dda.o
 .debug_aranges
                0x00000148       0xb8 ..\obj\lpc17xx_can.o
 .debug_aranges
                0x00000200       0x50 ..\obj\spi.o
 .debug_aranges
                0x00000250       0x38 ..\obj\kernelHeap.o
 .debug_aranges
                0x00000288       0x98 ..\obj\lpc17xx_timer.o
 .debug_aranges
                0x00000320      0x140 ..\obj\tcp.o
 .debug_aranges
                0x00000460       0x58 ..\obj\core.o
 .debug_aranges
                0x000004b8       0x40 ..\obj\lpc17xx_dac.o
 .debug_aranges
                0x000004f8       0xc8 ..\obj\core_cm3.o
 .debug_aranges
                0x000005c0       0x70 ..\obj\serial_fifo.o
 .debug_aranges
                0x00000630       0x20 ..\obj\err.o
 .debug_aranges
                0x00000650       0x50 ..\obj\buzzer.o
 .debug_aranges
                0x000006a0       0x60 ..\obj\temp.o
 .debug_aranges
                0x00000700       0xb0 ..\obj\EMAC.o
 .debug_aranges
                0x000007b0       0x68 ..\obj\timer.o
 .debug_aranges
                0x00000818       0x60 ..\obj\lpc17xx_clkpwr.o
 .debug_aranges
                0x00000878       0x28 ..\obj\utility.o
 .debug_aranges
                0x000008a0       0x48 ..\obj\lpc17xx_rit.o
 .debug_aranges
                0x000008e8       0x50 ..\obj\tcp_in.o
 .debug_aranges
                0x00000938      0x128 ..\obj\iFAT32.o
 .debug_aranges
                0x00000a60       0x28 ..\obj\system_LPC17xx.o
 .debug_aranges
                0x00000a88       0xd8 ..\obj\lpc17xx_emac.o
 .debug_aranges
                0x00000b60       0x38 ..\obj\memp.o
 .debug_aranges
                0x00000b98       0x40 ..\obj\usbcontrol.o
 .debug_aranges
                0x00000bd8       0x90 ..\obj\sdcard.o
 .debug_aranges
                0x00000c68       0x48 ..\obj\config.o
 .debug_aranges
                0x00000cb0       0x60 ..\obj\netbuf.o
 .debug_aranges
                0x00000d10      0x100 ..\obj\lpc17xx_uart.o
 .debug_aranges
                0x00000e10       0x98 ..\obj\tcpip.o
 .debug_aranges
                0x00000ea8       0x20 ..\obj\fsdata.o
 .debug_aranges
                0x00000ec8       0x40 ..\obj\uart.o
 .debug_aranges
                0x00000f08       0x40 ..\obj\fs.o
 .debug_aranges
                0x00000f48       0x78 ..\obj\task.o
 .debug_aranges
                0x00000fc0       0x48 ..\obj\diskio.o
 .debug_aranges
                0x00001008       0x20 ..\obj\ip_stack.o
 .debug_aranges
                0x00001028       0x20 ..\obj\sersendf.o
 .debug_aranges
                0x00001048       0xc0 ..\obj\stepper.o
 .debug_aranges
                0x00001108       0x80 ..\obj\lpc17xx_adc.o
 .debug_aranges
                0x00001188       0xc0 ..\obj\lpc17xx_i2s.o
 .debug_aranges
                0x00001248       0x28 ..\obj\serviceReq.o
 .debug_aranges
                0x00001270       0x50 ..\obj\sys.o
 .debug_aranges
                0x000012c0       0x20 ..\obj\ip_addr.o
 .debug_aranges
                0x000012e0       0x50 ..\obj\sermsg.o
 .debug_aranges
                0x00001330       0x40 ..\obj\lpc17xx_gpdma.o
 .debug_aranges
                0x00001370       0x38 ..\obj\inet_chksum.o
 .debug_aranges
                0x000013a8       0x30 ..\obj\main.o
 .debug_aranges
                0x000013d8       0x30 ..\obj\r2c2_ios.o
 .debug_aranges
                0x00001408       0x50 ..\obj\usb.o
 .debug_aranges
                0x00001458       0x30 ..\obj\httpserver-netconn.o
 .debug_aranges
                0x00001488       0xc0 ..\obj\lpc17xx_qei.o
 .debug_aranges
                0x00001548       0x28 ..\obj\init.o
 .debug_aranges
                0x00001570       0xa0 ..\obj\printf.o
 .debug_aranges
                0x00001610       0x28 ..\obj\unicodetogb2312.o
 .debug_aranges
                0x00001638       0x40 ..\obj\ethernetif.o
 .debug_aranges
                0x00001678       0xf8 ..\obj\lpc17xx_gpio.o
 .debug_aranges
                0x00001770       0x80 ..\obj\etharp.o
 .debug_aranges
                0x000017f0       0x48 ..\obj\mbox.o
 .debug_aranges
                0x00001838       0x68 ..\obj\lpc17xx_wdt.o
 .debug_aranges
                0x000018a0       0x40 ..\obj\mm.o
 .debug_aranges
                0x000018e0       0x60 ..\obj\httpd.o
 .debug_aranges
                0x00001940       0xa8 ..\obj\lpc17xx_ssp.o
 .debug_aranges
                0x000019e8       0x90 ..\obj\pbuf.o
 .debug_aranges
                0x00001a78       0x40 ..\obj\stats.o
 .debug_aranges
                0x00001ab8       0x50 ..\obj\inet.o
 .debug_aranges
                0x00001b08       0x70 ..\obj\netif.o
 .debug_aranges
                0x00001b78       0xd8 ..\obj\r2c2_timer.o
 .debug_aranges
                0x00001c50       0x58 ..\obj\time.o
 .debug_aranges
                0x00001ca8       0xf0 ..\obj\api_msg.o
 .debug_aranges
                0x00001d98       0x50 ..\obj\event.o
 .debug_aranges
                0x00001de8       0x48 ..\obj\lpc17xx_pinsel.o
 .debug_aranges
                0x00001e30       0x20 ..\obj\sh_cmd.o
 .debug_aranges
                0x00001e50       0xc0 ..\obj\iFAT.o
 .debug_aranges
                0x00001f10       0x38 ..\obj\fifo.o
 .debug_aranges
                0x00001f48       0x80 ..\obj\lpc17xx_spi.o
 .debug_aranges
                0x00001fc8       0x48 ..\obj\lpc17xx_exti.o
 .debug_aranges
                0x00002010       0xa0 ..\obj\sys_arch.o
 .debug_aranges
                0x000020b0       0x60 ..\obj\syscalls.o
 .debug_aranges
                0x00002110       0x48 ..\obj\lpc17xx_systick.o
 .debug_aranges
                0x00002158       0x58 ..\obj\usbstdreq.o
 .debug_aranges
                0x000021b0       0x48 ..\obj\mendel.o
 .debug_aranges
                0x000021f8       0xd0 ..\obj\lpc17xx_i2c.o
 .debug_aranges